Archive member included to satisfy reference by file (symbol)

c:/program files (x86)/atollic/truestudio for stm32 9.2.0/armtools/bin/../lib/gcc/arm-atollic-eabi/6.3.1/../../../../arm-atollic-eabi/lib/armv7e-m/fpu\libc_nano.a(lib_a-errno.o)
                              Src\syscalls.o (__errno)
c:/program files (x86)/atollic/truestudio for stm32 9.2.0/armtools/bin/../lib/gcc/arm-atollic-eabi/6.3.1/../../../../arm-atollic-eabi/lib/armv7e-m/fpu\libc_nano.a(lib_a-impure.o)
                              c:/program files (x86)/atollic/truestudio for stm32 9.2.0/armtools/bin/../lib/gcc/arm-atollic-eabi/6.3.1/../../../../arm-atollic-eabi/lib/armv7e-m/fpu\libc_nano.a(lib_a-errno.o) (_impure_ptr)
c:/program files (x86)/atollic/truestudio for stm32 9.2.0/armtools/bin/../lib/gcc/arm-atollic-eabi/6.3.1/../../../../arm-atollic-eabi/lib/armv7e-m/fpu\libc_nano.a(lib_a-init.o)
                              startup\startup_stm32f411xe.o (__libc_init_array)
c:/program files (x86)/atollic/truestudio for stm32 9.2.0/armtools/bin/../lib/gcc/arm-atollic-eabi/6.3.1/../../../../arm-atollic-eabi/lib/armv7e-m/fpu\libc_nano.a(lib_a-malloc.o)
                              Middlewares\USB_Device_Library\usbd_cdc.o (malloc)
c:/program files (x86)/atollic/truestudio for stm32 9.2.0/armtools/bin/../lib/gcc/arm-atollic-eabi/6.3.1/../../../../arm-atollic-eabi/lib/armv7e-m/fpu\libc_nano.a(lib_a-memcpy-stub.o)
                              Src\usbd_cdc_if.o (memcpy)
c:/program files (x86)/atollic/truestudio for stm32 9.2.0/armtools/bin/../lib/gcc/arm-atollic-eabi/6.3.1/../../../../arm-atollic-eabi/lib/armv7e-m/fpu\libc_nano.a(lib_a-memset.o)
                              Src\main.o (memset)
c:/program files (x86)/atollic/truestudio for stm32 9.2.0/armtools/bin/../lib/gcc/arm-atollic-eabi/6.3.1/../../../../arm-atollic-eabi/lib/armv7e-m/fpu\libc_nano.a(lib_a-nano-freer.o)
                              c:/program files (x86)/atollic/truestudio for stm32 9.2.0/armtools/bin/../lib/gcc/arm-atollic-eabi/6.3.1/../../../../arm-atollic-eabi/lib/armv7e-m/fpu\libc_nano.a(lib_a-malloc.o) (_free_r)
c:/program files (x86)/atollic/truestudio for stm32 9.2.0/armtools/bin/../lib/gcc/arm-atollic-eabi/6.3.1/../../../../arm-atollic-eabi/lib/armv7e-m/fpu\libc_nano.a(lib_a-nano-mallocr.o)
                              c:/program files (x86)/atollic/truestudio for stm32 9.2.0/armtools/bin/../lib/gcc/arm-atollic-eabi/6.3.1/../../../../arm-atollic-eabi/lib/armv7e-m/fpu\libc_nano.a(lib_a-malloc.o) (_malloc_r)
c:/program files (x86)/atollic/truestudio for stm32 9.2.0/armtools/bin/../lib/gcc/arm-atollic-eabi/6.3.1/../../../../arm-atollic-eabi/lib/armv7e-m/fpu\libc_nano.a(lib_a-sbrkr.o)
                              c:/program files (x86)/atollic/truestudio for stm32 9.2.0/armtools/bin/../lib/gcc/arm-atollic-eabi/6.3.1/../../../../arm-atollic-eabi/lib/armv7e-m/fpu\libc_nano.a(lib_a-nano-mallocr.o) (_sbrk_r)
c:/program files (x86)/atollic/truestudio for stm32 9.2.0/armtools/bin/../lib/gcc/arm-atollic-eabi/6.3.1/../../../../arm-atollic-eabi/lib/armv7e-m/fpu\libc_nano.a(lib_a-strtol.o)
                              Src\main.o (strtol)
c:/program files (x86)/atollic/truestudio for stm32 9.2.0/armtools/bin/../lib/gcc/arm-atollic-eabi/6.3.1/../../../../arm-atollic-eabi/lib/armv7e-m/fpu\libc_nano.a(lib_a-locale.o)
                              c:/program files (x86)/atollic/truestudio for stm32 9.2.0/armtools/bin/../lib/gcc/arm-atollic-eabi/6.3.1/../../../../arm-atollic-eabi/lib/armv7e-m/fpu\libc_nano.a(lib_a-strtol.o) (__locale_ctype_ptr_l)
c:/program files (x86)/atollic/truestudio for stm32 9.2.0/armtools/bin/../lib/gcc/arm-atollic-eabi/6.3.1/../../../../arm-atollic-eabi/lib/armv7e-m/fpu\libc_nano.a(lib_a-mbtowc_r.o)
                              c:/program files (x86)/atollic/truestudio for stm32 9.2.0/armtools/bin/../lib/gcc/arm-atollic-eabi/6.3.1/../../../../arm-atollic-eabi/lib/armv7e-m/fpu\libc_nano.a(lib_a-locale.o) (__ascii_mbtowc)
c:/program files (x86)/atollic/truestudio for stm32 9.2.0/armtools/bin/../lib/gcc/arm-atollic-eabi/6.3.1/../../../../arm-atollic-eabi/lib/armv7e-m/fpu\libc_nano.a(lib_a-mlock.o)
                              c:/program files (x86)/atollic/truestudio for stm32 9.2.0/armtools/bin/../lib/gcc/arm-atollic-eabi/6.3.1/../../../../arm-atollic-eabi/lib/armv7e-m/fpu\libc_nano.a(lib_a-nano-freer.o) (__malloc_lock)
c:/program files (x86)/atollic/truestudio for stm32 9.2.0/armtools/bin/../lib/gcc/arm-atollic-eabi/6.3.1/../../../../arm-atollic-eabi/lib/armv7e-m/fpu\libc_nano.a(lib_a-reent.o)
                              c:/program files (x86)/atollic/truestudio for stm32 9.2.0/armtools/bin/../lib/gcc/arm-atollic-eabi/6.3.1/../../../../arm-atollic-eabi/lib/armv7e-m/fpu\libc_nano.a(lib_a-sbrkr.o) (errno)
c:/program files (x86)/atollic/truestudio for stm32 9.2.0/armtools/bin/../lib/gcc/arm-atollic-eabi/6.3.1/../../../../arm-atollic-eabi/lib/armv7e-m/fpu\libc_nano.a(lib_a-strcmp.o)
[...]
Memory Configuration

Name             Origin             Length             Attributes
RAM              0x20000000         0x00020000         xrw
FLASH            0x08000000         0x00080000         xr
*default*        0x00000000         0xffffffff

Linker script and memory map

LOAD c:/program files (x86)/atollic/truestudio for stm32 9.2.0/armtools/bin/../lib/gcc/arm-atollic-eabi/6.3.1/armv7e-m/fpu/crti.o
LOAD c:/program files (x86)/atollic/truestudio for stm32 9.2.0/armtools/bin/../lib/gcc/arm-atollic-eabi/6.3.1/armv7e-m/fpu/crtbegin.o
LOAD Drivers\STM32F4xx_HAL_Driver\stm32f4xx_hal.o
LOAD Drivers\STM32F4xx_HAL_Driver\stm32f4xx_hal_cortex.o
LOAD Drivers\STM32F4xx_HAL_Driver\stm32f4xx_hal_dma.o
LOAD Drivers\STM32F4xx_HAL_Driver\stm32f4xx_hal_dma_ex.o
LOAD Drivers\STM32F4xx_HAL_Driver\stm32f4xx_hal_exti.o
LOAD Drivers\STM32F4xx_HAL_Driver\stm32f4xx_hal_flash.o
LOAD Drivers\STM32F4xx_HAL_Driver\stm32f4xx_hal_flash_ex.o
LOAD Drivers\STM32F4xx_HAL_Driver\stm32f4xx_hal_flash_ramfunc.o
LOAD Drivers\STM32F4xx_HAL_Driver\stm32f4xx_hal_gpio.o
LOAD Drivers\STM32F4xx_HAL_Driver\stm32f4xx_hal_pcd.o
LOAD Drivers\STM32F4xx_HAL_Driver\stm32f4xx_hal_pcd_ex.o
LOAD Drivers\STM32F4xx_HAL_Driver\stm32f4xx_hal_pwr.o
LOAD Drivers\STM32F4xx_HAL_Driver\stm32f4xx_hal_pwr_ex.o
LOAD Drivers\STM32F4xx_HAL_Driver\stm32f4xx_hal_rcc.o
LOAD Drivers\STM32F4xx_HAL_Driver\stm32f4xx_hal_rcc_ex.o
LOAD Drivers\STM32F4xx_HAL_Driver\stm32f4xx_hal_tim.o
LOAD Drivers\STM32F4xx_HAL_Driver\stm32f4xx_hal_tim_ex.o
LOAD Drivers\STM32F4xx_HAL_Driver\stm32f4xx_ll_usb.o
LOAD Middlewares\USB_Device_Library\usbd_cdc.o
LOAD Middlewares\USB_Device_Library\usbd_core.o
LOAD Middlewares\USB_Device_Library\usbd_ctlreq.o
LOAD Middlewares\USB_Device_Library\usbd_ioreq.o
LOAD Src\HAL_STM32_CONTROL.o
LOAD Src\HAL_STM32_PWM.o
LOAD Src\HAL_STM32_USB.o
LOAD Src\gpio.o
LOAD Src\main.o
LOAD Src\stm32f4xx_hal_msp.o
LOAD Src\stm32f4xx_it.o
LOAD Src\syscalls.o
LOAD Src\system_stm32f4xx.o
LOAD Src\tim.o
LOAD Src\usb_device.o
LOAD Src\usbd_cdc_if.o
LOAD Src\usbd_conf.o
LOAD Src\usbd_desc.o
LOAD startup\startup_stm32f411xe.o
                0x00000080                malloc_getpagesize_P = 0x80
START GROUP
LOAD c:/program files (x86)/atollic/truestudio for stm32 9.2.0/armtools/bin/../lib/gcc/arm-atollic-eabi/6.3.1/../../../../arm-atollic-eabi/lib/armv7e-m/fpu\libc_nano.a
LOAD c:/program files (x86)/atollic/truestudio for stm32 9.2.0/armtools/bin/../lib/gcc/arm-atollic-eabi/6.3.1/../../../../arm-atollic-eabi/lib/armv7e-m/fpu\libm.a
END GROUP
START GROUP
LOAD c:/program files (x86)/atollic/truestudio for stm32 9.2.0/armtools/bin/../lib/gcc/arm-atollic-eabi/6.3.1/armv7e-m/fpu\libgcc.a
LOAD c:/program files (x86)/atollic/truestudio for stm32 9.2.0/armtools/bin/../lib/gcc/arm-atollic-eabi/6.3.1/../../../../arm-atollic-eabi/lib/armv7e-m/fpu\libc_nano.a
END GROUP
START GROUP
LOAD c:/program files (x86)/atollic/truestudio for stm32 9.2.0/armtools/bin/../lib/gcc/arm-atollic-eabi/6.3.1/armv7e-m/fpu\libgcc.a
LOAD c:/program files (x86)/atollic/truestudio for stm32 9.2.0/armtools/bin/../lib/gcc/arm-atollic-eabi/6.3.1/../../../../arm-atollic-eabi/lib/armv7e-m/fpu\libc_nano.a
LOAD c:/program files (x86)/atollic/truestudio for stm32 9.2.0/armtools/bin/../lib/gcc/arm-atollic-eabi/6.3.1/../../../../arm-atollic-eabi/lib/armv7e-m/fpu\libnosys.a
END GROUP
START GROUP
LOAD c:/program files (x86)/atollic/truestudio for stm32 9.2.0/armtools/bin/../lib/gcc/arm-atollic-eabi/6.3.1/armv7e-m/fpu\libgcc.a
LOAD c:/program files (x86)/atollic/truestudio for stm32 9.2.0/armtools/bin/../lib/gcc/arm-atollic-eabi/6.3.1/../../../../arm-atollic-eabi/lib/armv7e-m/fpu\libc_nano.a
LOAD c:/program files (x86)/atollic/truestudio for stm32 9.2.0/armtools/bin/../lib/gcc/arm-atollic-eabi/6.3.1/../../../../arm-atollic-eabi/lib/armv7e-m/fpu\libnosys.a
END GROUP
LOAD c:/program files (x86)/atollic/truestudio for stm32 9.2.0/armtools/bin/../lib/gcc/arm-atollic-eabi/6.3.1/armv7e-m/fpu/crtend.o
LOAD c:/program files (x86)/atollic/truestudio for stm32 9.2.0/armtools/bin/../lib/gcc/arm-atollic-eabi/6.3.1/armv7e-m/fpu/crtn.o
                0x20020000                _estack = 0x20020000
                0x00000200                _Min_Heap_Size = 0x200
                0x00000400                _Min_Stack_Size = 0x400

.isr_vector     0x08000000      0x198
                0x08000000                . = ALIGN (0x4)
 *(.isr_vector)
 .isr_vector    0x08000000      0x198 startup\startup_stm32f411xe.o
                0x08000000                g_pfnVectors
                0x08000198                . = ALIGN (0x4)

.text           0x08000198     0x7548
                0x08000198                . = ALIGN (0x4)
 *(.text)
 .text          0x08000198       0x40 c:/program files (x86)/atollic/truestudio for stm32 9.2.0/armtools/bin/../lib/gcc/arm-atollic-eabi/6.3.1/armv7e-m/fpu/crtbegin.o
 .text          0x080001d8       0x30 c:/program files (x86)/atollic/truestudio for stm32 9.2.0/armtools/bin/../lib/gcc/arm-atollic-eabi/6.3.1/armv7e-m/fpu\libgcc.a(_aeabi_uldivmod.o)
                0x080001d8                __aeabi_uldivmod
 .text          0x08000208      0x2dc c:/program files (x86)/atollic/truestudio for stm32 9.2.0/armtools/bin/../lib/gcc/arm-atollic-eabi/6.3.1/armv7e-m/fpu\libgcc.a(_udivmoddi4.o)
                0x08000208                __udivmoddi4
 .text          0x080004e4        0x4 c:/program files (x86)/atollic/truestudio for stm32 9.2.0/armtools/bin/../lib/gcc/arm-atollic-eabi/6.3.1/armv7e-m/fpu\libgcc.a(_dvmd_tls.o)
                0x080004e4                __aeabi_idiv0
                0x080004e4                __aeabi_ldiv0
 *(.text*)
 .text.HAL_Init
                0x080004e8       0x44 Drivers\STM32F4xx_HAL_Driver\stm32f4xx_hal.o
                0x080004e8                HAL_Init
 .text.HAL_InitTick
                0x0800052c       0x60 Drivers\STM32F4xx_HAL_Driver\stm32f4xx_hal.o
                0x0800052c                HAL_InitTick
 .text.HAL_IncTick
                0x0800058c       0x28 Drivers\STM32F4xx_HAL_Driver\stm32f4xx_hal.o
                0x0800058c                HAL_IncTick
 .text.HAL_GetTick
                0x080005b4       0x18 Drivers\STM32F4xx_HAL_Driver\stm32f4xx_hal.o
                0x080005b4                HAL_GetTick
 .text.HAL_Delay
                0x080005cc       0x44 Drivers\STM32F4xx_HAL_Driver\stm32f4xx_hal.o
                0x080005cc                HAL_Delay
 .text.__NVIC_SetPriorityGrouping
                0x08000610       0x48 Drivers\STM32F4xx_HAL_Driver\stm32f4xx_hal_cortex.o
 .text.__NVIC_GetPriorityGrouping
                0x08000658       0x1c Drivers\STM32F4xx_HAL_Driver\stm32f4xx_hal_cortex.o
 .text.__NVIC_EnableIRQ
                0x08000674       0x3c Drivers\STM32F4xx_HAL_Driver\stm32f4xx_hal_cortex.o
 .text.__NVIC_SetPriority
                0x080006b0       0x54 Drivers\STM32F4xx_HAL_Driver\stm32f4xx_hal_cortex.o
 .text.NVIC_EncodePriority
                0x08000704       0x62 Drivers\STM32F4xx_HAL_Driver\stm32f4xx_hal_cortex.o
 *fill*         0x08000766        0x2 
 .text.SysTick_Config
                0x08000768       0x44 Drivers\STM32F4xx_HAL_Driver\stm32f4xx_hal_cortex.o
 .text.HAL_NVIC_SetPriorityGrouping
                0x080007ac       0x16 Drivers\STM32F4xx_HAL_Driver\stm32f4xx_hal_cortex.o
                0x080007ac                HAL_NVIC_SetPriorityGrouping
 .text.HAL_NVIC_SetPriority
                0x080007c2       0x38 Drivers\STM32F4xx_HAL_Driver\stm32f4xx_hal_cortex.o
                0x080007c2                HAL_NVIC_SetPriority
 .text.HAL_NVIC_EnableIRQ
                0x080007fa       0x1c Drivers\STM32F4xx_HAL_Driver\stm32f4xx_hal_cortex.o
                0x080007fa                HAL_NVIC_EnableIRQ
 .text.HAL_SYSTICK_Config
                0x08000816       0x18 Drivers\STM32F4xx_HAL_Driver\stm32f4xx_hal_cortex.o
                0x08000816                HAL_SYSTICK_Config
 *fill*         0x0800082e        0x2 
 .text.HAL_GPIO_Init
                0x08000830      0x304 Drivers\STM32F4xx_HAL_Driver\stm32f4xx_hal_gpio.o
                0x08000830                HAL_GPIO_Init
 .text.HAL_GPIO_WritePin
                0x08000b34       0x32 Drivers\STM32F4xx_HAL_Driver\stm32f4xx_hal_gpio.o
                0x08000b34                HAL_GPIO_WritePin
 .text.HAL_PCD_Init
                0x08000b66      0x23a Drivers\STM32F4xx_HAL_Driver\stm32f4xx_hal_pcd.o
                0x08000b66                HAL_PCD_Init
 .text.HAL_PCD_Start
                0x08000da0       0x66 Drivers\STM32F4xx_HAL_Driver\stm32f4xx_hal_pcd.o
                0x08000da0                HAL_PCD_Start
 .text.HAL_PCD_IRQHandler
                0x08000e06      0x77e Drivers\STM32F4xx_HAL_Driver\stm32f4xx_hal_pcd.o
                0x08000e06                HAL_PCD_IRQHandler
 .text.HAL_PCD_SetAddress
                0x08001584       0x4a Drivers\STM32F4xx_HAL_Driver\stm32f4xx_hal_pcd.o
                0x08001584                HAL_PCD_SetAddress
 .text.HAL_PCD_EP_Open
                0x080015ce       0xd0 Drivers\STM32F4xx_HAL_Driver\stm32f4xx_hal_pcd.o
                0x080015ce                HAL_PCD_EP_Open
 .text.HAL_PCD_EP_Close
                0x0800169e       0x94 Drivers\STM32F4xx_HAL_Driver\stm32f4xx_hal_pcd.o
                0x0800169e                HAL_PCD_EP_Close
 .text.HAL_PCD_EP_Receive
                0x08001732       0x96 Drivers\STM32F4xx_HAL_Driver\stm32f4xx_hal_pcd.o
                0x08001732                HAL_PCD_EP_Receive
 .text.HAL_PCD_EP_GetRxCount
                0x080017c8       0x30 Drivers\STM32F4xx_HAL_Driver\stm32f4xx_hal_pcd.o
                0x080017c8                HAL_PCD_EP_GetRxCount
 .text.HAL_PCD_EP_Transmit
                0x080017f8       0x94 Drivers\STM32F4xx_HAL_Driver\stm32f4xx_hal_pcd.o
                0x080017f8                HAL_PCD_EP_Transmit
 .text.HAL_PCD_EP_SetStall
                0x0800188c       0xc8 Drivers\STM32F4xx_HAL_Driver\stm32f4xx_hal_pcd.o
                0x0800188c                HAL_PCD_EP_SetStall
 .text.HAL_PCD_EP_ClrStall
                0x08001954       0xac Drivers\STM32F4xx_HAL_Driver\stm32f4xx_hal_pcd.o
                0x08001954                HAL_PCD_EP_ClrStall
 .text.PCD_WriteEmptyTxFifo
                0x08001a00      0x11c Drivers\STM32F4xx_HAL_Driver\stm32f4xx_hal_pcd.o
 .text.PCD_EP_OutXfrComplete_int
                0x08001b1c      0x218 Drivers\STM32F4xx_HAL_Driver\stm32f4xx_hal_pcd.o
 .text.PCD_EP_OutSetupPacket_int
                0x08001d34       0x8c Drivers\STM32F4xx_HAL_Driver\stm32f4xx_hal_pcd.o
 .text.HAL_PCDEx_SetTxFiFo
                0x08001dc0       0x8e Drivers\STM32F4xx_HAL_Driver\stm32f4xx_hal_pcd_ex.o
                0x08001dc0                HAL_PCDEx_SetTxFiFo
 .text.HAL_PCDEx_SetRxFiFo
                0x08001e4e       0x22 Drivers\STM32F4xx_HAL_Driver\stm32f4xx_hal_pcd_ex.o
                0x08001e4e                HAL_PCDEx_SetRxFiFo
 .text.HAL_PCDEx_LPM_Callback
                0x08001e70       0x18 Drivers\STM32F4xx_HAL_Driver\stm32f4xx_hal_pcd_ex.o
                0x08001e70                HAL_PCDEx_LPM_Callback
 .text.HAL_RCC_OscConfig
                0x08001e88      0x4e0 Drivers\STM32F4xx_HAL_Driver\stm32f4xx_hal_rcc.o
                0x08001e88                HAL_RCC_OscConfig
 .text.HAL_RCC_ClockConfig
                0x08002368      0x1cc Drivers\STM32F4xx_HAL_Driver\stm32f4xx_hal_rcc.o
                0x08002368                HAL_RCC_ClockConfig
 .text.HAL_RCC_GetSysClockFreq
                0x08002534      0x16c Drivers\STM32F4xx_HAL_Driver\stm32f4xx_hal_rcc.o
                0x08002534                HAL_RCC_GetSysClockFreq
 .text.HAL_RCC_GetHCLKFreq
                0x080026a0       0x18 Drivers\STM32F4xx_HAL_Driver\stm32f4xx_hal_rcc.o
                0x080026a0                HAL_RCC_GetHCLKFreq
 .text.HAL_TIM_Base_Init
                0x080026b8       0x56 Drivers\STM32F4xx_HAL_Driver\stm32f4xx_hal_tim.o
                0x080026b8                HAL_TIM_Base_Init
 .text.HAL_TIM_PWM_Init
                0x0800270e       0x56 Drivers\STM32F4xx_HAL_Driver\stm32f4xx_hal_tim.o
                0x0800270e                HAL_TIM_PWM_Init
 .text.HAL_TIM_PWM_MspInit
                0x08002764       0x14 Drivers\STM32F4xx_HAL_Driver\stm32f4xx_hal_tim.o
                0x08002764                HAL_TIM_PWM_MspInit
 .text.HAL_TIM_PWM_Start
                0x08002778       0x64 Drivers\STM32F4xx_HAL_Driver\stm32f4xx_hal_tim.o
                0x08002778                HAL_TIM_PWM_Start
 .text.HAL_TIM_PWM_ConfigChannel
                0x080027dc      0x18c Drivers\STM32F4xx_HAL_Driver\stm32f4xx_hal_tim.o
                0x080027dc                HAL_TIM_PWM_ConfigChannel
 .text.HAL_TIM_ConfigClockSource
                0x08002968      0x16e Drivers\STM32F4xx_HAL_Driver\stm32f4xx_hal_tim.o
                0x08002968                HAL_TIM_ConfigClockSource
 *fill*         0x08002ad6        0x2 
 .text.TIM_Base_SetConfig
                0x08002ad8      0x100 Drivers\STM32F4xx_HAL_Driver\stm32f4xx_hal_tim.o
                0x08002ad8                TIM_Base_SetConfig
 .text.TIM_OC1_SetConfig
                0x08002bd8       0xcc Drivers\STM32F4xx_HAL_Driver\stm32f4xx_hal_tim.o
 .text.TIM_OC2_SetConfig
                0x08002ca4       0xd8 Drivers\STM32F4xx_HAL_Driver\stm32f4xx_hal_tim.o
                0x08002ca4                TIM_OC2_SetConfig
 .text.TIM_OC3_SetConfig
                0x08002d7c       0xd4 Drivers\STM32F4xx_HAL_Driver\stm32f4xx_hal_tim.o
 .text.TIM_OC4_SetConfig
                0x08002e50       0xa0 Drivers\STM32F4xx_HAL_Driver\stm32f4xx_hal_tim.o
 .text.TIM_TI1_ConfigInputStage
                0x08002ef0       0x5e Drivers\STM32F4xx_HAL_Driver\stm32f4xx_hal_tim.o
 .text.TIM_TI2_ConfigInputStage
                0x08002f4e       0x60 Drivers\STM32F4xx_HAL_Driver\stm32f4xx_hal_tim.o
 .text.TIM_ITRx_SetConfig
                0x08002fae       0x36 Drivers\STM32F4xx_HAL_Driver\stm32f4xx_hal_tim.o
 .text.TIM_ETR_SetConfig
                0x08002fe4       0x40 Drivers\STM32F4xx_HAL_Driver\stm32f4xx_hal_tim.o
                0x08002fe4                TIM_ETR_SetConfig
 .text.TIM_CCxChannelCmd
                0x08003024       0x4a Drivers\STM32F4xx_HAL_Driver\stm32f4xx_hal_tim.o
                0x08003024                TIM_CCxChannelCmd
 *fill*         0x0800306e        0x2 
 .text.HAL_TIMEx_MasterConfigSynchronization
                0x08003070       0xdc Drivers\STM32F4xx_HAL_Driver\stm32f4xx_hal_tim_ex.o
                0x08003070                HAL_TIMEx_MasterConfigSynchronization
 .text.USB_CoreInit
                0x0800314c       0xc2 Drivers\STM32F4xx_HAL_Driver\stm32f4xx_ll_usb.o
                0x0800314c                USB_CoreInit
 *fill*         0x0800320e        0x2 
 .text.USB_SetTurnaroundTime
                0x08003210      0x144 Drivers\STM32F4xx_HAL_Driver\stm32f4xx_ll_usb.o
                0x08003210                USB_SetTurnaroundTime
 .text.USB_EnableGlobalInt
                0x08003354       0x22 Drivers\STM32F4xx_HAL_Driver\stm32f4xx_ll_usb.o
                0x08003354                USB_EnableGlobalInt
 .text.USB_DisableGlobalInt
                0x08003376       0x22 Drivers\STM32F4xx_HAL_Driver\stm32f4xx_ll_usb.o
                0x08003376                USB_DisableGlobalInt
 .text.USB_SetCurrentMode
                0x08003398       0x54 Drivers\STM32F4xx_HAL_Driver\stm32f4xx_ll_usb.o
                0x08003398                USB_SetCurrentMode
 .text.USB_DevInit
                0x080033ec      0x2cc Drivers\STM32F4xx_HAL_Driver\stm32f4xx_ll_usb.o
                0x080033ec                USB_DevInit
 .text.USB_FlushTxFifo
                0x080036b8       0x4c Drivers\STM32F4xx_HAL_Driver\stm32f4xx_ll_usb.o
                0x080036b8                USB_FlushTxFifo
 .text.USB_FlushRxFifo
                0x08003704       0x44 Drivers\STM32F4xx_HAL_Driver\stm32f4xx_ll_usb.o
                0x08003704                USB_FlushRxFifo
 .text.USB_SetDevSpeed
                0x08003748       0x34 Drivers\STM32F4xx_HAL_Driver\stm32f4xx_ll_usb.o
                0x08003748                USB_SetDevSpeed
 .text.USB_GetDevSpeed
                0x0800377c       0x4a Drivers\STM32F4xx_HAL_Driver\stm32f4xx_ll_usb.o
                0x0800377c                USB_GetDevSpeed
 .text.USB_ActivateEndpoint
                0x080037c6      0x116 Drivers\STM32F4xx_HAL_Driver\stm32f4xx_ll_usb.o
                0x080037c6                USB_ActivateEndpoint
 .text.USB_DeactivateEndpoint
                0x080038dc      0x1c8 Drivers\STM32F4xx_HAL_Driver\stm32f4xx_ll_usb.o
                0x080038dc                USB_DeactivateEndpoint
 .text.USB_EPStartXfer
                0x08003aa4      0x4b8 Drivers\STM32F4xx_HAL_Driver\stm32f4xx_ll_usb.o
                0x08003aa4                USB_EPStartXfer
 .text.USB_EP0StartXfer
                0x08003f5c      0x2c6 Drivers\STM32F4xx_HAL_Driver\stm32f4xx_ll_usb.o
                0x08003f5c                USB_EP0StartXfer
 .text.USB_WritePacket
                0x08004222       0x6a Drivers\STM32F4xx_HAL_Driver\stm32f4xx_ll_usb.o
                0x08004222                USB_WritePacket
 .text.USB_ReadPacket
                0x0800428c       0x52 Drivers\STM32F4xx_HAL_Driver\stm32f4xx_ll_usb.o
                0x0800428c                USB_ReadPacket
 .text.USB_EPSetStall
                0x080042de       0xe4 Drivers\STM32F4xx_HAL_Driver\stm32f4xx_ll_usb.o
                0x080042de                USB_EPSetStall
 .text.USB_EPClearStall
                0x080043c2       0xd4 Drivers\STM32F4xx_HAL_Driver\stm32f4xx_ll_usb.o
                0x080043c2                USB_EPClearStall
 .text.USB_SetDevAddress
                0x08004496       0x50 Drivers\STM32F4xx_HAL_Driver\stm32f4xx_ll_usb.o
                0x08004496                USB_SetDevAddress
 .text.USB_DevConnect
                0x080044e6       0x46 Drivers\STM32F4xx_HAL_Driver\stm32f4xx_ll_usb.o
                0x080044e6                USB_DevConnect
 .text.USB_DevDisconnect
                0x0800452c       0x46 Drivers\STM32F4xx_HAL_Driver\stm32f4xx_ll_usb.o
                0x0800452c                USB_DevDisconnect
 .text.USB_ReadInterrupts
                0x08004572       0x26 Drivers\STM32F4xx_HAL_Driver\stm32f4xx_ll_usb.o
                0x08004572                USB_ReadInterrupts
 .text.USB_ReadDevAllOutEpInterrupt
                0x08004598       0x34 Drivers\STM32F4xx_HAL_Driver\stm32f4xx_ll_usb.o
                0x08004598                USB_ReadDevAllOutEpInterrupt
 .text.USB_ReadDevAllInEpInterrupt
                0x080045cc       0x34 Drivers\STM32F4xx_HAL_Driver\stm32f4xx_ll_usb.o
                0x080045cc                USB_ReadDevAllInEpInterrupt
 .text.USB_ReadDevOutEPInterrupt
                0x08004600       0x3c Drivers\STM32F4xx_HAL_Driver\stm32f4xx_ll_usb.o
                0x08004600                USB_ReadDevOutEPInterrupt
 .text.USB_ReadDevInEPInterrupt
                0x0800463c       0x5c Drivers\STM32F4xx_HAL_Driver\stm32f4xx_ll_usb.o
                0x0800463c                USB_ReadDevInEPInterrupt
 .text.USB_GetMode
                0x08004698       0x1c Drivers\STM32F4xx_HAL_Driver\stm32f4xx_ll_usb.o
                0x08004698                USB_GetMode
 .text.USB_ActivateSetup
                0x080046b4       0x4a Drivers\STM32F4xx_HAL_Driver\stm32f4xx_ll_usb.o
                0x080046b4                USB_ActivateSetup
 *fill*         0x080046fe        0x2 
 .text.USB_EP0_OutStart
                0x08004700       0xc4 Drivers\STM32F4xx_HAL_Driver\stm32f4xx_ll_usb.o
                0x08004700                USB_EP0_OutStart
 .text.USB_CoreReset
                0x080047c4       0x68 Drivers\STM32F4xx_HAL_Driver\stm32f4xx_ll_usb.o
 .text.USBD_CDC_Init
                0x0800482c      0x100 Middlewares\USB_Device_Library\usbd_cdc.o
 .text.USBD_CDC_DeInit
                0x0800492c       0x78 Middlewares\USB_Device_Library\usbd_cdc.o
 .text.USBD_CDC_Setup
                0x080049a4      0x178 Middlewares\USB_Device_Library\usbd_cdc.o
 .text.USBD_CDC_DataIn
                0x08004b1c       0xbe Middlewares\USB_Device_Library\usbd_cdc.o
 .text.USBD_CDC_DataOut
                0x08004bda       0x56 Middlewares\USB_Device_Library\usbd_cdc.o
 .text.USBD_CDC_EP0_RxReady
                0x08004c30       0x50 Middlewares\USB_Device_Library\usbd_cdc.o
 .text.USBD_CDC_GetFSCfgDesc
                0x08004c80       0x20 Middlewares\USB_Device_Library\usbd_cdc.o
 .text.USBD_CDC_GetHSCfgDesc
                0x08004ca0       0x20 Middlewares\USB_Device_Library\usbd_cdc.o
 .text.USBD_CDC_GetOtherSpeedCfgDesc
                0x08004cc0       0x20 Middlewares\USB_Device_Library\usbd_cdc.o
 .text.USBD_CDC_GetDeviceQualifierDescriptor
                0x08004ce0       0x20 Middlewares\USB_Device_Library\usbd_cdc.o
                0x08004ce0                USBD_CDC_GetDeviceQualifierDescriptor
 .text.USBD_CDC_RegisterInterface
                0x08004d00       0x2a Middlewares\USB_Device_Library\usbd_cdc.o
                0x08004d00                USBD_CDC_RegisterInterface
 .text.USBD_CDC_SetTxBuffer
                0x08004d2a       0x32 Middlewares\USB_Device_Library\usbd_cdc.o
                0x08004d2a                USBD_CDC_SetTxBuffer
 .text.USBD_CDC_SetRxBuffer
                0x08004d5c       0x28 Middlewares\USB_Device_Library\usbd_cdc.o
                0x08004d5c                USBD_CDC_SetRxBuffer
 .text.USBD_CDC_ReceivePacket
                0x08004d84       0x54 Middlewares\USB_Device_Library\usbd_cdc.o
                0x08004d84                USBD_CDC_ReceivePacket
 .text.USBD_Init
                0x08004dd8       0x6c Middlewares\USB_Device_Library\usbd_core.o
                0x08004dd8                USBD_Init
 .text.USBD_RegisterClass
                0x08004e44       0x42 Middlewares\USB_Device_Library\usbd_core.o
                0x08004e44                USBD_RegisterClass
 .text.USBD_Start
                0x08004e86       0x18 Middlewares\USB_Device_Library\usbd_core.o
                0x08004e86                USBD_Start
 .text.USBD_RunTestMode
                0x08004e9e       0x16 Middlewares\USB_Device_Library\usbd_core.o
                0x08004e9e                USBD_RunTestMode
 .text.USBD_SetClassConfig
                0x08004eb4       0x38 Middlewares\USB_Device_Library\usbd_core.o
                0x08004eb4                USBD_SetClassConfig
 .text.USBD_ClrClassConfig
                0x08004eec       0x30 Middlewares\USB_Device_Library\usbd_core.o
                0x08004eec                USBD_ClrClassConfig
 .text.USBD_LL_SetupStage
                0x08004f1c       0xa6 Middlewares\USB_Device_Library\usbd_core.o
                0x08004f1c                USBD_LL_SetupStage
 .text.USBD_LL_DataOutStage
                0x08004fc2       0xc6 Middlewares\USB_Device_Library\usbd_core.o
                0x08004fc2                USBD_LL_DataOutStage
 .text.USBD_LL_DataInStage
                0x08005088      0x12c Middlewares\USB_Device_Library\usbd_core.o
                0x08005088                USBD_LL_DataInStage
 .text.USBD_LL_Reset
                0x080051b4       0x82 Middlewares\USB_Device_Library\usbd_core.o
                0x080051b4                USBD_LL_Reset
 .text.USBD_LL_SetSpeed
                0x08005236       0x20 Middlewares\USB_Device_Library\usbd_core.o
                0x08005236                USBD_LL_SetSpeed
 .text.USBD_LL_Suspend
                0x08005256       0x2a Middlewares\USB_Device_Library\usbd_core.o
                0x08005256                USBD_LL_Suspend
 .text.USBD_LL_Resume
                0x08005280       0x2c Middlewares\USB_Device_Library\usbd_core.o
                0x08005280                USBD_LL_Resume
 .text.USBD_LL_SOF
                0x080052ac       0x34 Middlewares\USB_Device_Library\usbd_core.o
                0x080052ac                USBD_LL_SOF
 .text.USBD_LL_IsoINIncomplete
                0x080052e0       0x1a Middlewares\USB_Device_Library\usbd_core.o
                0x080052e0                USBD_LL_IsoINIncomplete
 .text.USBD_LL_IsoOUTIncomplete
                0x080052fa       0x1a Middlewares\USB_Device_Library\usbd_core.o
                0x080052fa                USBD_LL_IsoOUTIncomplete
 .text.USBD_LL_DevConnected
                0x08005314       0x16 Middlewares\USB_Device_Library\usbd_core.o
                0x08005314                USBD_LL_DevConnected
 .text.USBD_LL_DevDisconnected
                0x0800532a       0x38 Middlewares\USB_Device_Library\usbd_core.o
                0x0800532a                USBD_LL_DevDisconnected
 .text.SWAPBYTE
                0x08005362       0x3c Middlewares\USB_Device_Library\usbd_ctlreq.o
 *fill*         0x0800539e        0x2 
 .text.USBD_StdDevReq
                0x080053a0       0xdc Middlewares\USB_Device_Library\usbd_ctlreq.o
                0x080053a0                USBD_StdDevReq
 .text.USBD_StdItfReq
                0x0800547c       0x8c Middlewares\USB_Device_Library\usbd_ctlreq.o
                0x0800547c                USBD_StdItfReq
 .text.USBD_StdEPReq
                0x08005508      0x2aa Middlewares\USB_Device_Library\usbd_ctlreq.o
                0x08005508                USBD_StdEPReq
 *fill*         0x080057b2        0x2 
 .text.USBD_GetDescriptor
                0x080057b4      0x2d4 Middlewares\USB_Device_Library\usbd_ctlreq.o
 .text.USBD_SetAddress
                0x08005a88       0x84 Middlewares\USB_Device_Library\usbd_ctlreq.o
 .text.USBD_SetConfig
                0x08005b0c      0x148 Middlewares\USB_Device_Library\usbd_ctlreq.o
 .text.USBD_GetConfig
                0x08005c54       0x68 Middlewares\USB_Device_Library\usbd_ctlreq.o
 .text.USBD_GetStatus
                0x08005cbc       0x66 Middlewares\USB_Device_Library\usbd_ctlreq.o
 .text.USBD_SetFeature
                0x08005d22       0x28 Middlewares\USB_Device_Library\usbd_ctlreq.o
 .text.USBD_ClrFeature
                0x08005d4a       0x42 Middlewares\USB_Device_Library\usbd_ctlreq.o
 .text.USBD_ParseSetupRequest
                0x08005d8c       0x74 Middlewares\USB_Device_Library\usbd_ctlreq.o
                0x08005d8c                USBD_ParseSetupRequest
 .text.USBD_CtlError
                0x08005e00       0x22 Middlewares\USB_Device_Library\usbd_ctlreq.o
                0x08005e00                USBD_CtlError
 .text.USBD_GetString
                0x08005e22       0x8c Middlewares\USB_Device_Library\usbd_ctlreq.o
                0x08005e22                USBD_GetString
 .text.USBD_GetLen
                0x08005eae       0x34 Middlewares\USB_Device_Library\usbd_ctlreq.o
 .text.USBD_CtlSendData
                0x08005ee2       0x36 Middlewares\USB_Device_Library\usbd_ioreq.o
                0x08005ee2                USBD_CtlSendData
 .text.USBD_CtlContinueSendData
                0x08005f18       0x22 Middlewares\USB_Device_Library\usbd_ioreq.o
                0x08005f18                USBD_CtlContinueSendData
 .text.USBD_CtlPrepareRx
                0x08005f3a       0x3a Middlewares\USB_Device_Library\usbd_ioreq.o
                0x08005f3a                USBD_CtlPrepareRx
 .text.USBD_CtlContinueRx
                0x08005f74       0x22 Middlewares\USB_Device_Library\usbd_ioreq.o
                0x08005f74                USBD_CtlContinueRx
 .text.USBD_CtlSendStatus
                0x08005f96       0x26 Middlewares\USB_Device_Library\usbd_ioreq.o
                0x08005f96                USBD_CtlSendStatus
 .text.USBD_CtlReceiveStatus
                0x08005fbc       0x26 Middlewares\USB_Device_Library\usbd_ioreq.o
                0x08005fbc                USBD_CtlReceiveStatus
 *fill*         0x08005fe2        0x2 
 .text.Motor1_set
                0x08005fe4       0x6c Src\HAL_STM32_CONTROL.o
                0x08005fe4                Motor1_set
 .text.Motor2_set
                0x08006050       0x6c Src\HAL_STM32_CONTROL.o
                0x08006050                Motor2_set
 .text.HAL_STM32_InitPWM
                0x080060bc       0x30 Src\HAL_STM32_PWM.o
                0x080060bc                HAL_STM32_InitPWM
 .text.HAL_STM32_SetPWMDuty1
                0x080060ec       0x20 Src\HAL_STM32_PWM.o
                0x080060ec                HAL_STM32_SetPWMDuty1
 .text.HAL_STM32_SetPWMDuty2
                0x0800610c       0x20 Src\HAL_STM32_PWM.o
                0x0800610c                HAL_STM32_SetPWMDuty2
 .text.HAL_STM32_USB_DEVICE_Init
                0x0800612c        0xc Src\HAL_STM32_USB.o
                0x0800612c                HAL_STM32_USB_DEVICE_Init
 .text.HAL_STM32_VCP_retrieveInputData
                0x08006138       0x1e Src\HAL_STM32_USB.o
                0x08006138                HAL_STM32_VCP_retrieveInputData
 *fill*         0x08006156        0x2 
 .text.MX_GPIO_Init
                0x08006158       0xec Src\gpio.o
                0x08006158                MX_GPIO_Init
 .text.main     0x08006244      0x254 Src\main.o
                0x08006244                main
 .text.SystemClock_Config
                0x08006498       0xd0 Src\main.o
                0x08006498                SystemClock_Config
 .text.Error_Handler
                0x08006568        0xe Src\main.o
                0x08006568                Error_Handler
 *fill*         0x08006576        0x2 
 .text.HAL_MspInit
                0x08006578       0x50 Src\stm32f4xx_hal_msp.o
                0x08006578                HAL_MspInit
 .text.NMI_Handler
                0x080065c8        0xe Src\stm32f4xx_it.o
                0x080065c8                NMI_Handler
 .text.HardFault_Handler
                0x080065d6        0x6 Src\stm32f4xx_it.o
                0x080065d6                HardFault_Handler
 .text.MemManage_Handler
                0x080065dc        0x6 Src\stm32f4xx_it.o
                0x080065dc                MemManage_Handler
 .text.BusFault_Handler
                0x080065e2        0x6 Src\stm32f4xx_it.o
                0x080065e2                BusFault_Handler
 .text.UsageFault_Handler
                0x080065e8        0x6 Src\stm32f4xx_it.o
                0x080065e8                UsageFault_Handler
 .text.SVC_Handler
                0x080065ee        0xe Src\stm32f4xx_it.o
                0x080065ee                SVC_Handler
 .text.DebugMon_Handler
                0x080065fc        0xe Src\stm32f4xx_it.o
                0x080065fc                DebugMon_Handler
 .text.PendSV_Handler
                0x0800660a        0xe Src\stm32f4xx_it.o
                0x0800660a                PendSV_Handler
 .text.SysTick_Handler
                0x08006618        0xc Src\stm32f4xx_it.o
                0x08006618                SysTick_Handler
 .text.OTG_FS_IRQHandler
                0x08006624       0x14 Src\stm32f4xx_it.o
                0x08006624                OTG_FS_IRQHandler
 .text._sbrk    0x08006638       0x58 Src\syscalls.o
                0x08006638                _sbrk
 .text.SystemInit
                0x08006690       0x2c Src\system_stm32f4xx.o
                0x08006690                SystemInit
 .text.MX_TIM4_Init
                0x080066bc      0x100 Src\tim.o
                0x080066bc                MX_TIM4_Init
 .text.HAL_TIM_Base_MspInit
                0x080067bc       0x44 Src\tim.o
                0x080067bc                HAL_TIM_Base_MspInit
 .text.HAL_TIM_MspPostInit
                0x08006800       0x74 Src\tim.o
                0x08006800                HAL_TIM_MspPostInit
 .text.MX_USB_DEVICE_Init
                0x08006874       0x60 Src\usb_device.o
                0x08006874                MX_USB_DEVICE_Init
 .text.CDC_Init_FS
                0x080068d4       0x28 Src\usbd_cdc_if.o
 .text.CDC_DeInit_FS
                0x080068fc       0x10 Src\usbd_cdc_if.o
 .text.CDC_Control_FS
                0x0800690c       0xbc Src\usbd_cdc_if.o
 .text.CDC_Receive_FS
                0x080069c8       0x70 Src\usbd_cdc_if.o
 .text.VCP_retrieveInputData
                0x08006a38       0x8c Src\usbd_cdc_if.o
                0x08006a38                VCP_retrieveInputData
 .text.CDC_TransmitCplt_FS
                0x08006ac4       0x22 Src\usbd_cdc_if.o
 *fill*         0x08006ae6        0x2 
 .text.HAL_PCD_MspInit
                0x08006ae8       0xa8 Src\usbd_conf.o
                0x08006ae8                HAL_PCD_MspInit
 .text.HAL_PCD_SetupStageCallback
                0x08006b90       0x24 Src\usbd_conf.o
                0x08006b90                HAL_PCD_SetupStageCallback
 .text.HAL_PCD_DataOutStageCallback
                0x08006bb4       0x36 Src\usbd_conf.o
                0x08006bb4                HAL_PCD_DataOutStageCallback
 .text.HAL_PCD_DataInStageCallback
                0x08006bea       0x34 Src\usbd_conf.o
                0x08006bea                HAL_PCD_DataInStageCallback
 .text.HAL_PCD_SOFCallback
                0x08006c1e       0x1c Src\usbd_conf.o
                0x08006c1e                HAL_PCD_SOFCallback
 .text.HAL_PCD_ResetCallback
                0x08006c3a       0x3c Src\usbd_conf.o
                0x08006c3a                HAL_PCD_ResetCallback
 *fill*         0x08006c76        0x2 
 .text.HAL_PCD_SuspendCallback
                0x08006c78       0x50 Src\usbd_conf.o
                0x08006c78                HAL_PCD_SuspendCallback
 .text.HAL_PCD_ResumeCallback
                0x08006cc8       0x1c Src\usbd_conf.o
                0x08006cc8                HAL_PCD_ResumeCallback
 .text.HAL_PCD_ISOOUTIncompleteCallback
                0x08006ce4       0x24 Src\usbd_conf.o
                0x08006ce4                HAL_PCD_ISOOUTIncompleteCallback
 .text.HAL_PCD_ISOINIncompleteCallback
                0x08006d08       0x24 Src\usbd_conf.o
                0x08006d08                HAL_PCD_ISOINIncompleteCallback
 .text.HAL_PCD_ConnectCallback
                0x08006d2c       0x1c Src\usbd_conf.o
                0x08006d2c                HAL_PCD_ConnectCallback
 .text.HAL_PCD_DisconnectCallback
                0x08006d48       0x1c Src\usbd_conf.o
                0x08006d48                HAL_PCD_DisconnectCallback
 .text.USBD_LL_Init
                0x08006d64       0x98 Src\usbd_conf.o
                0x08006d64                USBD_LL_Init
 .text.USBD_LL_Start
                0x08006dfc       0x36 Src\usbd_conf.o
                0x08006dfc                USBD_LL_Start
 .text.USBD_LL_OpenEP
                0x08006e32       0x4c Src\usbd_conf.o
                0x08006e32                USBD_LL_OpenEP
 .text.USBD_LL_CloseEP
                0x08006e7e       0x3e Src\usbd_conf.o
                0x08006e7e                USBD_LL_CloseEP
 .text.USBD_LL_StallEP
                0x08006ebc       0x3e Src\usbd_conf.o
                0x08006ebc                USBD_LL_StallEP
 .text.USBD_LL_ClearStallEP
                0x08006efa       0x3e Src\usbd_conf.o
                0x08006efa                USBD_LL_ClearStallEP
 .text.USBD_LL_IsStallEP
                0x08006f38       0x58 Src\usbd_conf.o
                0x08006f38                USBD_LL_IsStallEP
 .text.USBD_LL_SetUSBAddress
                0x08006f90       0x3e Src\usbd_conf.o
                0x08006f90                USBD_LL_SetUSBAddress
 .text.USBD_LL_Transmit
                0x08006fce       0x42 Src\usbd_conf.o
                0x08006fce                USBD_LL_Transmit
 .text.USBD_LL_PrepareReceive
                0x08007010       0x42 Src\usbd_conf.o
                0x08007010                USBD_LL_PrepareReceive
 .text.USBD_LL_GetRxDataSize
                0x08007052       0x26 Src\usbd_conf.o
                0x08007052                USBD_LL_GetRxDataSize
 .text.USBD_Get_USB_Status
                0x08007078       0x58 Src\usbd_conf.o
                0x08007078                USBD_Get_USB_Status
 .text.USBD_FS_DeviceDescriptor
                0x080070d0       0x24 Src\usbd_desc.o
                0x080070d0                USBD_FS_DeviceDescriptor
 .text.USBD_FS_LangIDStrDescriptor
                0x080070f4       0x24 Src\usbd_desc.o
                0x080070f4                USBD_FS_LangIDStrDescriptor
 .text.USBD_FS_ProductStrDescriptor
                0x08007118       0x3c Src\usbd_desc.o
                0x08007118                USBD_FS_ProductStrDescriptor
 .text.USBD_FS_ManufacturerStrDescriptor
                0x08007154       0x28 Src\usbd_desc.o
                0x08007154                USBD_FS_ManufacturerStrDescriptor
 .text.USBD_FS_SerialStrDescriptor
                0x0800717c       0x24 Src\usbd_desc.o
                0x0800717c                USBD_FS_SerialStrDescriptor
 .text.USBD_FS_ConfigStrDescriptor
                0x080071a0       0x3c Src\usbd_desc.o
                0x080071a0                USBD_FS_ConfigStrDescriptor
 .text.USBD_FS_InterfaceStrDescriptor
                0x080071dc       0x3c Src\usbd_desc.o
                0x080071dc                USBD_FS_InterfaceStrDescriptor
 .text.Get_SerialNum
                0x08007218       0x58 Src\usbd_desc.o
 .text.IntToUnicode
                0x08007270       0x7c Src\usbd_desc.o
 .text.Reset_Handler
                0x080072ec       0x50 startup\startup_stm32f411xe.o
                0x080072ec                Reset_Handler
 .text.Default_Handler
                0x0800733c        0x2 startup\startup_stm32f411xe.o
                0x0800733c                RTC_Alarm_IRQHandler
                0x0800733c                EXTI2_IRQHandler
                0x0800733c                SPI4_IRQHandler
                0x0800733c                TIM1_CC_IRQHandler
                0x0800733c                DMA2_Stream5_IRQHandler
                0x0800733c                DMA1_Stream5_IRQHandler
                0x0800733c                PVD_IRQHandler
                0x0800733c                SDIO_IRQHandler
                0x0800733c                TAMP_STAMP_IRQHandler
                0x0800733c                EXTI3_IRQHandler
                0x0800733c                TIM1_UP_TIM10_IRQHandler
                0x0800733c                I2C3_ER_IRQHandler
                0x0800733c                EXTI0_IRQHandler
                0x0800733c                I2C2_EV_IRQHandler
                0x0800733c                DMA1_Stream2_IRQHandler
                0x0800733c                FPU_IRQHandler
                0x0800733c                DMA2_Stream2_IRQHandler
                0x0800733c                SPI1_IRQHandler
                0x0800733c                TIM1_BRK_TIM9_IRQHandler
                0x0800733c                DMA2_Stream3_IRQHandler
                0x0800733c                USART6_IRQHandler
                0x0800733c                DMA2_Stream0_IRQHandler
                0x0800733c                TIM4_IRQHandler
                0x0800733c                I2C1_EV_IRQHandler
                0x0800733c                DMA1_Stream6_IRQHandler
                0x0800733c                DMA1_Stream1_IRQHandler
                0x0800733c                TIM3_IRQHandler
                0x0800733c                RCC_IRQHandler
                0x0800733c                Default_Handler
                0x0800733c                EXTI15_10_IRQHandler
                0x0800733c                ADC_IRQHandler
                0x0800733c                DMA1_Stream7_IRQHandler
                0x0800733c                SPI5_IRQHandler
                0x0800733c                TIM5_IRQHandler
                0x0800733c                DMA2_Stream7_IRQHandler
                0x0800733c                I2C3_EV_IRQHandler
                0x0800733c                EXTI9_5_IRQHandler
                0x0800733c                RTC_WKUP_IRQHandler
                0x0800733c                SPI2_IRQHandler
                0x0800733c                DMA1_Stream0_IRQHandler
                0x0800733c                EXTI4_IRQHandler
                0x0800733c                WWDG_IRQHandler
                0x0800733c                TIM2_IRQHandler
                0x0800733c                OTG_FS_WKUP_IRQHandler
                0x0800733c                TIM1_TRG_COM_TIM11_IRQHandler
                0x0800733c                EXTI1_IRQHandler
                0x0800733c                USART2_IRQHandler
                0x0800733c                I2C2_ER_IRQHandler
                0x0800733c                DMA2_Stream1_IRQHandler
                0x0800733c                FLASH_IRQHandler
                0x0800733c                DMA2_Stream4_IRQHandler
                0x0800733c                USART1_IRQHandler
                0x0800733c                SPI3_IRQHandler
                0x0800733c                DMA1_Stream4_IRQHandler
                0x0800733c                I2C1_ER_IRQHandler
                0x0800733c                DMA2_Stream6_IRQHandler
                0x0800733c                DMA1_Stream3_IRQHandler
 *fill*         0x0800733e        0x2 
 .text.__errno  0x08007340        0xc c:/program files (x86)/atollic/truestudio for stm32 9.2.0/armtools/bin/../lib/gcc/arm-atollic-eabi/6.3.1/../../../../arm-atollic-eabi/lib/armv7e-m/fpu\libc_nano.a(lib_a-errno.o)
                0x08007340                __errno
 .text.__libc_init_array
                0x0800734c       0x48 c:/program files (x86)/atollic/truestudio for stm32 9.2.0/armtools/bin/../lib/gcc/arm-atollic-eabi/6.3.1/../../../../arm-atollic-eabi/lib/armv7e-m/fpu\libc_nano.a(lib_a-init.o)
                0x0800734c                __libc_init_array
 .text.malloc   0x08007394       0x10 c:/program files (x86)/atollic/truestudio for stm32 9.2.0/armtools/bin/../lib/gcc/arm-atollic-eabi/6.3.1/../../../../arm-atollic-eabi/lib/armv7e-m/fpu\libc_nano.a(lib_a-malloc.o)
                0x08007394                malloc
 .text.free     0x080073a4       0x10 c:/program files (x86)/atollic/truestudio for stm32 9.2.0/armtools/bin/../lib/gcc/arm-atollic-eabi/6.3.1/../../../../arm-atollic-eabi/lib/armv7e-m/fpu\libc_nano.a(lib_a-malloc.o)
                0x080073a4                free
 .text.memcpy   0x080073b4       0x16 c:/program files (x86)/atollic/truestudio for stm32 9.2.0/armtools/bin/../lib/gcc/arm-atollic-eabi/6.3.1/../../../../arm-atollic-eabi/lib/armv7e-m/fpu\libc_nano.a(lib_a-memcpy-stub.o)
                0x080073b4                memcpy
 .text.memset   0x080073ca       0x10 c:/program files (x86)/atollic/truestudio for stm32 9.2.0/armtools/bin/../lib/gcc/arm-atollic-eabi/6.3.1/../../../../arm-atollic-eabi/lib/armv7e-m/fpu\libc_nano.a(lib_a-memset.o)
                0x080073ca                memset
 *fill*         0x080073da        0x2 
 .text._free_r  0x080073dc       0x9c c:/program files (x86)/atollic/truestudio for stm32 9.2.0/armtools/bin/../lib/gcc/arm-atollic-eabi/6.3.1/../../../../arm-atollic-eabi/lib/armv7e-m/fpu\libc_nano.a(lib_a-nano-freer.o)
                0x080073dc                _free_r
 .text._malloc_r
                0x08007478       0xbc c:/program files (x86)/atollic/truestudio for stm32 9.2.0/armtools/bin/../lib/gcc/arm-atollic-eabi/6.3.1/../../../../arm-atollic-eabi/lib/armv7e-m/fpu\libc_nano.a(lib_a-nano-mallocr.o)
                0x08007478                _malloc_r
 .text._sbrk_r  0x08007534       0x20 c:/program files (x86)/atollic/truestudio for stm32 9.2.0/armtools/bin/../lib/gcc/arm-atollic-eabi/6.3.1/../../../../arm-atollic-eabi/lib/armv7e-m/fpu\libc_nano.a(lib_a-sbrkr.o)
                0x08007534                _sbrk_r
 .text._strtol_l.isra.0
                0x08007554      0x100 c:/program files (x86)/atollic/truestudio for stm32 9.2.0/armtools/bin/../lib/gcc/arm-atollic-eabi/6.3.1/../../../../arm-atollic-eabi/lib/armv7e-m/fpu\libc_nano.a(lib_a-strtol.o)
 .text.strtol   0x08007654       0x2c c:/program files (x86)/atollic/truestudio for stm32 9.2.0/armtools/bin/../lib/gcc/arm-atollic-eabi/6.3.1/../../../../arm-atollic-eabi/lib/armv7e-m/fpu\libc_nano.a(lib_a-strtol.o)
                0x08007654                strtol
 .text.__locale_ctype_ptr_l
                0x08007680        0x6 c:/program files (x86)/atollic/truestudio for stm32 9.2.0/armtools/bin/../lib/gcc/arm-atollic-eabi/6.3.1/../../../../arm-atollic-eabi/lib/armv7e-m/fpu\libc_nano.a(lib_a-locale.o)
                0x08007680                __locale_ctype_ptr_l
 .text.__ascii_mbtowc
                0x08007686       0x24 c:/program files (x86)/atollic/truestudio for stm32 9.2.0/armtools/bin/../lib/gcc/arm-atollic-eabi/6.3.1/../../../../arm-atollic-eabi/lib/armv7e-m/fpu\libc_nano.a(lib_a-mbtowc_r.o)
                0x08007686                __ascii_mbtowc
 .text.__malloc_lock
                0x080076aa        0x2 c:/program files (x86)/atollic/truestudio for stm32 9.2.0/armtools/bin/../lib/gcc/arm-atollic-eabi/6.3.1/../../../../arm-atollic-eabi/lib/armv7e-m/fpu\libc_nano.a(lib_a-mlock.o)
                0x080076aa                __malloc_lock
 .text.__malloc_unlock
                0x080076ac        0x2 c:/program files (x86)/atollic/truestudio for stm32 9.2.0/armtools/bin/../lib/gcc/arm-atollic-eabi/6.3.1/../../../../arm-atollic-eabi/lib/armv7e-m/fpu\libc_nano.a(lib_a-mlock.o)
                0x080076ac                __malloc_unlock
 .text.__ascii_wctomb
                0x080076ae       0x1a c:/program files (x86)/atollic/truestudio for stm32 9.2.0/armtools/bin/../lib/gcc/arm-atollic-eabi/6.3.1/../../../../arm-atollic-eabi/lib/armv7e-m/fpu\libc_nano.a(lib_a-wctomb_r.o)
                0x080076ae                __ascii_wctomb
 *(.glue_7)
 .glue_7        0x080076c8        0x0 linker stubs
 *(.glue_7t)
 .glue_7t       0x080076c8        0x0 linker stubs
 *(.eh_frame)
 .eh_frame      0x080076c8        0x0 c:/program files (x86)/atollic/truestudio for stm32 9.2.0/armtools/bin/../lib/gcc/arm-atollic-eabi/6.3.1/armv7e-m/fpu/crtbegin.o
 *(.init)
 .init          0x080076c8        0x4 c:/program files (x86)/atollic/truestudio for stm32 9.2.0/armtools/bin/../lib/gcc/arm-atollic-eabi/6.3.1/armv7e-m/fpu/crti.o
                0x080076c8                _init
 .init          0x080076cc        0x8 c:/program files (x86)/atollic/truestudio for stm32 9.2.0/armtools/bin/../lib/gcc/arm-atollic-eabi/6.3.1/armv7e-m/fpu/crtn.o
 *(.fini)
 .fini          0x080076d4        0x4 c:/program files (x86)/atollic/truestudio for stm32 9.2.0/armtools/bin/../lib/gcc/arm-atollic-eabi/6.3.1/armv7e-m/fpu/crti.o
                0x080076d4                _fini
 .fini          0x080076d8        0x8 c:/program files (x86)/atollic/truestudio for stm32 9.2.0/armtools/bin/../lib/gcc/arm-atollic-eabi/6.3.1/armv7e-m/fpu/crtn.o
                0x080076e0                . = ALIGN (0x4)
                0x080076e0                _etext = .

.vfp11_veneer   0x080076e0        0x0
 .vfp11_veneer  0x080076e0        0x0 linker stubs

.v4_bx          0x080076e0        0x0
 .v4_bx         0x080076e0        0x0 linker stubs

.iplt           0x080076e0        0x0
 .iplt          0x080076e0        0x0 c:/program files (x86)/atollic/truestudio for stm32 9.2.0/armtools/bin/../lib/gcc/arm-atollic-eabi/6.3.1/armv7e-m/fpu/crtbegin.o

.rodata         0x080076e0      0x164
                0x080076e0                . = ALIGN (0x4)
 *(.rodata)
 .rodata        0x080076e0       0x46 Src\usbd_desc.o
 *(.rodata*)
 *fill*         0x08007726        0x2 
 .rodata.AHBPrescTable
                0x08007728       0x10 Src\system_stm32f4xx.o
                0x08007728                AHBPrescTable
 .rodata._setlocale_r.str1.1
                0x08007738        0x8 c:/program files (x86)/atollic/truestudio for stm32 9.2.0/armtools/bin/../lib/gcc/arm-atollic-eabi/6.3.1/../../../../arm-atollic-eabi/lib/armv7e-m/fpu\libc_nano.a(lib_a-locale.o)
                                  0x9 (size before relaxing)
 .rodata.str1.1
                0x08007740        0x2 c:/program files (x86)/atollic/truestudio for stm32 9.2.0/armtools/bin/../lib/gcc/arm-atollic-eabi/6.3.1/../../../../arm-atollic-eabi/lib/armv7e-m/fpu\libc_nano.a(lib_a-locale.o)
 .rodata._ctype_
                0x08007742      0x101 c:/program files (x86)/atollic/truestudio for stm32 9.2.0/armtools/bin/../lib/gcc/arm-atollic-eabi/6.3.1/../../../../arm-atollic-eabi/lib/armv7e-m/fpu\libc_nano.a(lib_a-ctype_.o)
                0x08007742                _ctype_
                0x08007844                . = ALIGN (0x4)
 *fill*         0x08007843        0x1 

.ARM.extab
 *(.ARM.extab* .gnu.linkonce.armextab.*)

.ARM            0x08007844        0x8
                0x08007844                __exidx_start = .
 *(.ARM.exidx*)
 .ARM.exidx     0x08007844        0x8 c:/program files (x86)/atollic/truestudio for stm32 9.2.0/armtools/bin/../lib/gcc/arm-atollic-eabi/6.3.1/armv7e-m/fpu\libgcc.a(_udivmoddi4.o)
                0x0800784c                __exidx_end = .

.rel.dyn        0x0800784c        0x0
 .rel.iplt      0x0800784c        0x0 c:/program files (x86)/atollic/truestudio for stm32 9.2.0/armtools/bin/../lib/gcc/arm-atollic-eabi/6.3.1/armv7e-m/fpu/crtbegin.o

.preinit_array  0x0800784c        0x0
                0x0800784c                PROVIDE (__preinit_array_start, .)
 *(.preinit_array*)
                0x0800784c                PROVIDE (__preinit_array_end, .)

.init_array     0x0800784c        0x4
                0x0800784c                PROVIDE (__init_array_start, .)
 *(SORT(.init_array.*))
 *(.init_array*)
 .init_array    0x0800784c        0x4 c:/program files (x86)/atollic/truestudio for stm32 9.2.0/armtools/bin/../lib/gcc/arm-atollic-eabi/6.3.1/armv7e-m/fpu/crtbegin.o
                0x08007850                PROVIDE (__init_array_end, .)

.fini_array     0x08007850        0x4
                [!provide]                PROVIDE (__fini_array_start, .)
 *(SORT(.fini_array.*))
 *(.fini_array*)
 .fini_array    0x08007850        0x4 c:/program files (x86)/atollic/truestudio for stm32 9.2.0/armtools/bin/../lib/gcc/arm-atollic-eabi/6.3.1/armv7e-m/fpu/crtbegin.o
                [!provide]                PROVIDE (__fini_array_end, .)
                0x08007854                _sidata = LOADADDR (.data)

.data           0x20000000      0x350 load address 0x08007854
                0x20000000                . = ALIGN (0x4)
                0x20000000                _sdata = .
 *(.data)
 *(.data*)
 .data.uwTickPrio
                0x20000000        0x4 Drivers\STM32F4xx_HAL_Driver\stm32f4xx_hal.o
                0x20000000                uwTickPrio
 .data.uwTickFreq
                0x20000004        0x1 Drivers\STM32F4xx_HAL_Driver\stm32f4xx_hal.o
                0x20000004                uwTickFreq
 *fill*         0x20000005        0x3 
 .data.USBD_CDC_DeviceQualifierDesc
                0x20000008        0xa Middlewares\USB_Device_Library\usbd_cdc.o
 *fill*         0x20000012        0x2 
 .data.USBD_CDC
                0x20000014       0x38 Middlewares\USB_Device_Library\usbd_cdc.o
                0x20000014                USBD_CDC
 .data.USBD_CDC_CfgHSDesc
                0x2000004c       0x43 Middlewares\USB_Device_Library\usbd_cdc.o
 *fill*         0x2000008f        0x1 
 .data.USBD_CDC_CfgFSDesc
                0x20000090       0x43 Middlewares\USB_Device_Library\usbd_cdc.o
 *fill*         0x200000d3        0x1 
 .data.USBD_CDC_OtherSpeedCfgDesc
                0x200000d4       0x43 Middlewares\USB_Device_Library\usbd_cdc.o
 *fill*         0x20000117        0x1 
 .data.SystemCoreClock
                0x20000118        0x4 Src\system_stm32f4xx.o
                0x20000118                SystemCoreClock
 .data.USBD_Interface_fops_FS
                0x2000011c       0x14 Src\usbd_cdc_if.o
                0x2000011c                USBD_Interface_fops_FS
 .data.FS_Desc  0x20000130       0x1c Src\usbd_desc.o
                0x20000130                FS_Desc
 .data.USBD_FS_DeviceDesc
                0x2000014c       0x12 Src\usbd_desc.o
                0x2000014c                USBD_FS_DeviceDesc
 *fill*         0x2000015e        0x2 
 .data.USBD_LangIDDesc
                0x20000160        0x4 Src\usbd_desc.o
                0x20000160                USBD_LangIDDesc
 .data.USBD_StringSerial
                0x20000164       0x1a Src\usbd_desc.o
                0x20000164                USBD_StringSerial
 *fill*         0x2000017e        0x2 
 .data._impure_ptr
                0x20000180        0x4 c:/program files (x86)/atollic/truestudio for stm32 9.2.0/armtools/bin/../lib/gcc/arm-atollic-eabi/6.3.1/../../../../arm-atollic-eabi/lib/armv7e-m/fpu\libc_nano.a(lib_a-impure.o)
                0x20000180                _impure_ptr
 .data.impure_data
                0x20000184       0x60 c:/program files (x86)/atollic/truestudio for stm32 9.2.0/armtools/bin/../lib/gcc/arm-atollic-eabi/6.3.1/../../../../arm-atollic-eabi/lib/armv7e-m/fpu\libc_nano.a(lib_a-impure.o)
 .data.__global_locale
                0x200001e4      0x16c c:/program files (x86)/atollic/truestudio for stm32 9.2.0/armtools/bin/../lib/gcc/arm-atollic-eabi/6.3.1/../../../../arm-atollic-eabi/lib/armv7e-m/fpu\libc_nano.a(lib_a-locale.o)
                0x200001e4                __global_locale
                0x20000350                . = ALIGN (0x4)
                0x20000350                _edata = .

.igot.plt       0x20000350        0x0 load address 0x08007ba4
 .igot.plt      0x20000350        0x0 c:/program files (x86)/atollic/truestudio for stm32 9.2.0/armtools/bin/../lib/gcc/arm-atollic-eabi/6.3.1/armv7e-m/fpu/crtbegin.o
                0x20000350                . = ALIGN (0x4)

.bss            0x20000350     0x6960 load address 0x08007ba4
                0x20000350                _sbss = .
                0x20000350                __bss_start__ = _sbss
 *(.bss)
 .bss           0x20000350       0x1c c:/program files (x86)/atollic/truestudio for stm32 9.2.0/armtools/bin/../lib/gcc/arm-atollic-eabi/6.3.1/armv7e-m/fpu/crtbegin.o
 *(.bss*)
 .bss.cfgidx.9877
                0x2000036c        0x1 Middlewares\USB_Device_Library\usbd_ctlreq.o
 *fill*         0x2000036d        0x3 
 .bss.heap_end.7010
                0x20000370        0x4 Src\syscalls.o
 .bss.s_RxBuffers
                0x20000374     0x5014 Src\usbd_cdc_if.o
 .bss.__malloc_free_list
                0x20005388        0x4 c:/program files (x86)/atollic/truestudio for stm32 9.2.0/armtools/bin/../lib/gcc/arm-atollic-eabi/6.3.1/../../../../arm-atollic-eabi/lib/armv7e-m/fpu\libc_nano.a(lib_a-nano-mallocr.o)
                0x20005388                __malloc_free_list
 .bss.__malloc_sbrk_start
                0x2000538c        0x4 c:/program files (x86)/atollic/truestudio for stm32 9.2.0/armtools/bin/../lib/gcc/arm-atollic-eabi/6.3.1/../../../../arm-atollic-eabi/lib/armv7e-m/fpu\libc_nano.a(lib_a-nano-mallocr.o)
                0x2000538c                __malloc_sbrk_start
 *(COMMON)
 COMMON         0x20005390        0x4 Drivers\STM32F4xx_HAL_Driver\stm32f4xx_hal.o
                0x20005390                uwTick
 COMMON         0x20005394       0x40 Src\tim.o
                0x20005394                htim4
 COMMON         0x200053d4      0x2d0 Src\usb_device.o
                0x200053d4                hUsbDeviceFS
 COMMON         0x200056a4     0x1000 Src\usbd_cdc_if.o
                0x200056a4                UserRxBufferFS
                0x20005ea4                UserTxBufferFS
 COMMON         0x200066a4      0x408 Src\usbd_conf.o
                0x200066a4                hpcd_USB_OTG_FS
 COMMON         0x20006aac      0x200 Src\usbd_desc.o
                0x20006aac                USBD_StrDesc
 COMMON         0x20006cac        0x4 c:/program files (x86)/atollic/truestudio for stm32 9.2.0/armtools/bin/../lib/gcc/arm-atollic-eabi/6.3.1/../../../../arm-atollic-eabi/lib/armv7e-m/fpu\libc_nano.a(lib_a-reent.o)
                0x20006cac                errno
                0x20006cb0                . = ALIGN (0x4)
                0x20006cb0                _ebss = .
                0x20006cb0                __bss_end__ = _ebss

._user_heap_stack
                0x20006cb0      0x600 load address 0x08007ba4
                0x20006cb0                . = ALIGN (0x4)
                0x20006cb0                PROVIDE (end, .)
                [!provide]                PROVIDE (_end, .)
                0x20006eb0                . = (. + _Min_Heap_Size)
 *fill*         0x20006cb0      0x200 
                0x200072b0                . = (. + _Min_Stack_Size)
 *fill*         0x20006eb0      0x400 
                0x200072b0                . = ALIGN (0x4)

/DISCARD/
 libc.a(*)
 libm.a(*)
 libgcc.a(*)

.ARM.attributes
                0x00000000       0x30
 *(.ARM.attributes)
 .ARM.attributes
                0x00000000       0x22 c:/program files (x86)/atollic/truestudio for stm32 9.2.0/armtools/bin/../lib/gcc/arm-atollic-eabi/6.3.1/armv7e-m/fpu/crti.o
 .ARM.attributes
                0x00000022       0x34 c:/program files (x86)/atollic/truestudio for stm32 9.2.0/armtools/bin/../lib/gcc/arm-atollic-eabi/6.3.1/armv7e-m/fpu/crtbegin.o
 .ARM.attributes
                0x00000056       0x39 Drivers\STM32F4xx_HAL_Driver\stm32f4xx_hal.o
 .ARM.attributes
                0x0000008f       0x39 Drivers\STM32F4xx_HAL_Driver\stm32f4xx_hal_cortex.o
 .ARM.attributes
                0x000000c8       0x39 Drivers\STM32F4xx_HAL_Driver\stm32f4xx_hal_gpio.o
 .ARM.attributes
                0x00000101       0x39 Drivers\STM32F4xx_HAL_Driver\stm32f4xx_hal_pcd.o
 .ARM.attributes
                0x0000013a       0x39 Drivers\STM32F4xx_HAL_Driver\stm32f4xx_hal_pcd_ex.o
 .ARM.attributes
                0x00000173       0x39 Drivers\STM32F4xx_HAL_Driver\stm32f4xx_hal_rcc.o
 .ARM.attributes
                0x000001ac       0x39 Drivers\STM32F4xx_HAL_Driver\stm32f4xx_hal_tim.o
 .ARM.attributes
                0x000001e5       0x39 Drivers\STM32F4xx_HAL_Driver\stm32f4xx_hal_tim_ex.o
 .ARM.attributes
                0x0000021e       0x39 Drivers\STM32F4xx_HAL_Driver\stm32f4xx_ll_usb.o
 .ARM.attributes
                0x00000257       0x39 Middlewares\USB_Device_Library\usbd_cdc.o
 .ARM.attributes
                0x00000290       0x39 Middlewares\USB_Device_Library\usbd_core.o
 .ARM.attributes
                0x000002c9       0x39 Middlewares\USB_Device_Library\usbd_ctlreq.o
 .ARM.attributes
                0x00000302       0x39 Middlewares\USB_Device_Library\usbd_ioreq.o
 .ARM.attributes
                0x0000033b       0x39 Src\HAL_STM32_CONTROL.o
 .ARM.attributes
                0x00000374       0x39 Src\HAL_STM32_PWM.o
 .ARM.attributes
                0x000003ad       0x39 Src\HAL_STM32_USB.o
 .ARM.attributes
                0x000003e6       0x39 Src\gpio.o
 .ARM.attributes
                0x0000041f       0x39 Src\main.o
 .ARM.attributes
                0x00000458       0x39 Src\stm32f4xx_hal_msp.o
 .ARM.attributes
                0x00000491       0x39 Src\stm32f4xx_it.o
 .ARM.attributes
                0x000004ca       0x39 Src\syscalls.o
 .ARM.attributes
                0x00000503       0x39 Src\system_stm32f4xx.o
 .ARM.attributes
                0x0000053c       0x39 Src\tim.o
 .ARM.attributes
                0x00000575       0x39 Src\usb_device.o
 .ARM.attributes
                0x000005ae       0x39 Src\usbd_cdc_if.o
 .ARM.attributes
                0x000005e7       0x39 Src\usbd_conf.o
 .ARM.attributes
                0x00000620       0x39 Src\usbd_desc.o
 .ARM.attributes
                0x00000659       0x21 startup\startup_stm32f411xe.o
 .ARM.attributes
                0x0000067a       0x34 c:/program files (x86)/atollic/truestudio for stm32 9.2.0/armtools/bin/../lib/gcc/arm-atollic-eabi/6.3.1/../../../../arm-atollic-eabi/lib/armv7e-m/fpu\libc_nano.a(lib_a-errno.o)
 .ARM.attributes
                0x000006ae       0x34 c:/program files (x86)/atollic/truestudio for stm32 9.2.0/armtools/bin/../lib/gcc/arm-atollic-eabi/6.3.1/../../../../arm-atollic-eabi/lib/armv7e-m/fpu\libc_nano.a(lib_a-impure.o)
 .ARM.attributes
                0x000006e2       0x34 c:/program files (x86)/atollic/truestudio for stm32 9.2.0/armtools/bin/../lib/gcc/arm-atollic-eabi/6.3.1/../../../../arm-atollic-eabi/lib/armv7e-m/fpu\libc_nano.a(lib_a-init.o)
 .ARM.attributes
                0x00000716       0x34 c:/program files (x86)/atollic/truestudio for stm32 9.2.0/armtools/bin/../lib/gcc/arm-atollic-eabi/6.3.1/../../../../arm-atollic-eabi/lib/armv7e-m/fpu\libc_nano.a(lib_a-malloc.o)
 .ARM.attributes
                0x0000074a       0x34 c:/program files (x86)/atollic/truestudio for stm32 9.2.0/armtools/bin/../lib/gcc/arm-atollic-eabi/6.3.1/../../../../arm-atollic-eabi/lib/armv7e-m/fpu\libc_nano.a(lib_a-memcpy-stub.o)
 .ARM.attributes
                0x0000077e       0x34 c:/program files (x86)/atollic/truestudio for stm32 9.2.0/armtools/bin/../lib/gcc/arm-atollic-eabi/6.3.1/../../../../arm-atollic-eabi/lib/armv7e-m/fpu\libc_nano.a(lib_a-memset.o)
 .ARM.attributes
                0x000007b2       0x34 c:/program files (x86)/atollic/truestudio for stm32 9.2.0/armtools/bin/../lib/gcc/arm-atollic-eabi/6.3.1/../../../../arm-atollic-eabi/lib/armv7e-m/fpu\libc_nano.a(lib_a-nano-freer.o)
 .ARM.attributes
                0x000007e6       0x34 c:/program files (x86)/atollic/truestudio for stm32 9.2.0/armtools/bin/../lib/gcc/arm-atollic-eabi/6.3.1/../../../../arm-atollic-eabi/lib/armv7e-m/fpu\libc_nano.a(lib_a-nano-mallocr.o)
 .ARM.attributes
                0x0000081a       0x34 c:/program files (x86)/atollic/truestudio for stm32 9.2.0/armtools/bin/../lib/gcc/arm-atollic-eabi/6.3.1/../../../../arm-atollic-eabi/lib/armv7e-m/fpu\libc_nano.a(lib_a-sbrkr.o)
 .ARM.attributes
                0x0000084e       0x34 c:/program files (x86)/atollic/truestudio for stm32 9.2.0/armtools/bin/../lib/gcc/arm-atollic-eabi/6.3.1/../../../../arm-atollic-eabi/lib/armv7e-m/fpu\libc_nano.a(lib_a-strtol.o)
 .ARM.attributes
                0x00000882       0x34 c:/program files (x86)/atollic/truestudio for stm32 9.2.0/armtools/bin/../lib/gcc/arm-atollic-eabi/6.3.1/../../../../arm-atollic-eabi/lib/armv7e-m/fpu\libc_nano.a(lib_a-locale.o)
 .ARM.attributes
                0x000008b6       0x34 c:/program files (x86)/atollic/truestudio for stm32 9.2.0/armtools/bin/../lib/gcc/arm-atollic-eabi/6.3.1/../../../../arm-atollic-eabi/lib/armv7e-m/fpu\libc_nano.a(lib_a-mbtowc_r.o)
 .ARM.attributes
                0x000008ea       0x34 c:/program files (x86)/atollic/truestudio for stm32 9.2.0/armtools/bin/../lib/gcc/arm-atollic-eabi/6.3.1/../../../../arm-atollic-eabi/lib/armv7e-m/fpu\libc_nano.a(lib_a-mlock.o)
 .ARM.attributes
                0x0000091e       0x34 c:/program files (x86)/atollic/truestudio for stm32 9.2.0/armtools/bin/../lib/gcc/arm-atollic-eabi/6.3.1/../../../../arm-atollic-eabi/lib/armv7e-m/fpu\libc_nano.a(lib_a-reent.o)
 .ARM.attributes
                0x00000952       0x34 c:/program files (x86)/atollic/truestudio for stm32 9.2.0/armtools/bin/../lib/gcc/arm-atollic-eabi/6.3.1/../../../../arm-atollic-eabi/lib/armv7e-m/fpu\libc_nano.a(lib_a-wctomb_r.o)
 .ARM.attributes
                0x00000986       0x34 c:/program files (x86)/atollic/truestudio for stm32 9.2.0/armtools/bin/../lib/gcc/arm-atollic-eabi/6.3.1/../../../../arm-atollic-eabi/lib/armv7e-m/fpu\libc_nano.a(lib_a-ctype_.o)
 .ARM.attributes
                0x000009ba       0x22 c:/program files (x86)/atollic/truestudio for stm32 9.2.0/armtools/bin/../lib/gcc/arm-atollic-eabi/6.3.1/armv7e-m/fpu\libgcc.a(_aeabi_uldivmod.o)
 .ARM.attributes
                0x000009dc       0x34 c:/program files (x86)/atollic/truestudio for stm32 9.2.0/armtools/bin/../lib/gcc/arm-atollic-eabi/6.3.1/armv7e-m/fpu\libgcc.a(_udivmoddi4.o)
 .ARM.attributes
                0x00000a10       0x22 c:/program files (x86)/atollic/truestudio for stm32 9.2.0/armtools/bin/../lib/gcc/arm-atollic-eabi/6.3.1/armv7e-m/fpu\libgcc.a(_dvmd_tls.o)
 .ARM.attributes
                0x00000a32       0x22 c:/program files (x86)/atollic/truestudio for stm32 9.2.0/armtools/bin/../lib/gcc/arm-atollic-eabi/6.3.1/armv7e-m/fpu/crtn.o
OUTPUT(STM32_TankFirmware1.elf elf32-littlearm)

.debug_info     0x00000000    0x19b1f
 .debug_info    0x00000000      0x8d4 Drivers\STM32F4xx_HAL_Driver\stm32f4xx_hal.o
 .debug_info    0x000008d4      0xd98 Drivers\STM32F4xx_HAL_Driver\stm32f4xx_hal_cortex.o
 .debug_info    0x0000166c      0x7d6 Drivers\STM32F4xx_HAL_Driver\stm32f4xx_hal_gpio.o
 .debug_info    0x00001e42     0x11be Drivers\STM32F4xx_HAL_Driver\stm32f4xx_hal_pcd.o
 .debug_info    0x00003000      0x74f Drivers\STM32F4xx_HAL_Driver\stm32f4xx_hal_pcd_ex.o
 .debug_info    0x0000374f      0x929 Drivers\STM32F4xx_HAL_Driver\stm32f4xx_hal_rcc.o
 .debug_info    0x00004078     0x249c Drivers\STM32F4xx_HAL_Driver\stm32f4xx_hal_tim.o
 .debug_info    0x00006514     0x114b Drivers\STM32F4xx_HAL_Driver\stm32f4xx_hal_tim_ex.o
 .debug_info    0x0000765f     0x18d9 Drivers\STM32F4xx_HAL_Driver\stm32f4xx_ll_usb.o
 .debug_info    0x00008f38     0x17f9 Middlewares\USB_Device_Library\usbd_cdc.o
 .debug_info    0x0000a731     0x1285 Middlewares\USB_Device_Library\usbd_core.o
 .debug_info    0x0000b9b6     0x123d Middlewares\USB_Device_Library\usbd_ctlreq.o
 .debug_info    0x0000cbf3      0xf88 Middlewares\USB_Device_Library\usbd_ioreq.o
 .debug_info    0x0000db7b     0x1478 Src\HAL_STM32_CONTROL.o
 .debug_info    0x0000eff3      0x690 Src\HAL_STM32_PWM.o
 .debug_info    0x0000f683      0xf1a Src\HAL_STM32_USB.o
 .debug_info    0x0001059d      0x4f3 Src\gpio.o
 .debug_info    0x00010a90     0x187e Src\main.o
 .debug_info    0x0001230e      0x38e Src\stm32f4xx_hal_msp.o
 .debug_info    0x0001269c      0x674 Src\stm32f4xx_it.o
 .debug_info    0x00012d10      0xf16 Src\syscalls.o
 .debug_info    0x00013c26      0x580 Src\system_stm32f4xx.o
 .debug_info    0x000141a6      0xb08 Src\tim.o
 .debug_info    0x00014cae      0xefb Src\usb_device.o
 .debug_info    0x00015ba9     0x11d4 Src\usbd_cdc_if.o
 .debug_info    0x00016d7d     0x1fc1 Src\usbd_conf.o
 .debug_info    0x00018d3e      0xd1d Src\usbd_desc.o
 .debug_info    0x00019a5b       0xc4 startup\startup_stm32f411xe.o

.debug_abbrev   0x00000000     0x380a
 .debug_abbrev  0x00000000      0x1ed Drivers\STM32F4xx_HAL_Driver\stm32f4xx_hal.o
 .debug_abbrev  0x000001ed      0x2f5 Drivers\STM32F4xx_HAL_Driver\stm32f4xx_hal_cortex.o
 .debug_abbrev  0x000004e2      0x1c4 Drivers\STM32F4xx_HAL_Driver\stm32f4xx_hal_gpio.o
 .debug_abbrev  0x000006a6      0x261 Drivers\STM32F4xx_HAL_Driver\stm32f4xx_hal_pcd.o
 .debug_abbrev  0x00000907      0x1ca Drivers\STM32F4xx_HAL_Driver\stm32f4xx_hal_pcd_ex.o
 .debug_abbrev  0x00000ad1      0x240 Drivers\STM32F4xx_HAL_Driver\stm32f4xx_hal_rcc.o
 .debug_abbrev  0x00000d11      0x238 Drivers\STM32F4xx_HAL_Driver\stm32f4xx_hal_tim.o
 .debug_abbrev  0x00000f49      0x226 Drivers\STM32F4xx_HAL_Driver\stm32f4xx_hal_tim_ex.o
 .debug_abbrev  0x0000116f      0x265 Drivers\STM32F4xx_HAL_Driver\stm32f4xx_ll_usb.o
 .debug_abbrev  0x000013d4      0x2a2 Middlewares\USB_Device_Library\usbd_cdc.o
 .debug_abbrev  0x00001676      0x278 Middlewares\USB_Device_Library\usbd_core.o
 .debug_abbrev  0x000018ee      0x2b5 Middlewares\USB_Device_Library\usbd_ctlreq.o
 .debug_abbrev  0x00001ba3      0x1f7 Middlewares\USB_Device_Library\usbd_ioreq.o
 .debug_abbrev  0x00001d9a      0x214 Src\HAL_STM32_CONTROL.o
 .debug_abbrev  0x00001fae      0x173 Src\HAL_STM32_PWM.o
 .debug_abbrev  0x00002121      0x1ef Src\HAL_STM32_USB.o
 .debug_abbrev  0x00002310      0x12f Src\gpio.o
 .debug_abbrev  0x0000243f      0x25c Src\main.o
 .debug_abbrev  0x0000269b      0x104 Src\stm32f4xx_hal_msp.o
 .debug_abbrev  0x0000279f      0x15f Src\stm32f4xx_it.o
 .debug_abbrev  0x000028fe      0x271 Src\syscalls.o
 .debug_abbrev  0x00002b6f      0x126 Src\system_stm32f4xx.o
 .debug_abbrev  0x00002c95      0x1b2 Src\tim.o
 .debug_abbrev  0x00002e47      0x1d5 Src\usb_device.o
 .debug_abbrev  0x0000301c      0x2d4 Src\usbd_cdc_if.o
 .debug_abbrev  0x000032f0      0x2ab Src\usbd_conf.o
 .debug_abbrev  0x0000359b      0x25d Src\usbd_desc.o
 .debug_abbrev  0x000037f8       0x12 startup\startup_stm32f411xe.o

.debug_aranges  0x00000000     0x1178
 .debug_aranges
                0x00000000       0xf0 Drivers\STM32F4xx_HAL_Driver\stm32f4xx_hal.o
 .debug_aranges
                0x000000f0      0x118 Drivers\STM32F4xx_HAL_Driver\stm32f4xx_hal_cortex.o
 .debug_aranges
                0x00000208       0x58 Drivers\STM32F4xx_HAL_Driver\stm32f4xx_hal_gpio.o
 .debug_aranges
                0x00000260      0x138 Drivers\STM32F4xx_HAL_Driver\stm32f4xx_hal_pcd.o
 .debug_aranges
                0x00000398       0x38 Drivers\STM32F4xx_HAL_Driver\stm32f4xx_hal_pcd_ex.o
 .debug_aranges
                0x000003d0       0x88 Drivers\STM32F4xx_HAL_Driver\stm32f4xx_hal_rcc.o
 .debug_aranges
                0x00000458      0x3a8 Drivers\STM32F4xx_HAL_Driver\stm32f4xx_hal_tim.o
 .debug_aranges
                0x00000800      0x150 Drivers\STM32F4xx_HAL_Driver\stm32f4xx_hal_tim_ex.o
 .debug_aranges
                0x00000950      0x198 Drivers\STM32F4xx_HAL_Driver\stm32f4xx_ll_usb.o
 .debug_aranges
                0x00000ae8       0x90 Middlewares\USB_Device_Library\usbd_cdc.o
 .debug_aranges
                0x00000b78       0xb8 Middlewares\USB_Device_Library\usbd_core.o
 .debug_aranges
                0x00000c30       0x90 Middlewares\USB_Device_Library\usbd_ctlreq.o
 .debug_aranges
                0x00000cc0       0x50 Middlewares\USB_Device_Library\usbd_ioreq.o
 .debug_aranges
                0x00000d10       0x28 Src\HAL_STM32_CONTROL.o
 .debug_aranges
                0x00000d38       0x30 Src\HAL_STM32_PWM.o
 .debug_aranges
                0x00000d68       0x30 Src\HAL_STM32_USB.o
 .debug_aranges
                0x00000d98       0x20 Src\gpio.o
 .debug_aranges
                0x00000db8       0x30 Src\main.o
 .debug_aranges
                0x00000de8       0x20 Src\stm32f4xx_hal_msp.o
 .debug_aranges
                0x00000e08       0x68 Src\stm32f4xx_it.o
 .debug_aranges
                0x00000e70       0xb0 Src\syscalls.o
 .debug_aranges
                0x00000f20       0x28 Src\system_stm32f4xx.o
 .debug_aranges
                0x00000f48       0x38 Src\tim.o
 .debug_aranges
                0x00000f80       0x20 Src\usb_device.o
 .debug_aranges
                0x00000fa0       0x50 Src\usbd_cdc_if.o
 .debug_aranges
                0x00000ff0      0x100 Src\usbd_conf.o
 .debug_aranges
                0x000010f0       0x60 Src\usbd_desc.o
 .debug_aranges
                0x00001150       0x28 startup\startup_stm32f411xe.o

.debug_ranges   0x00000000      0xfc0
 .debug_ranges  0x00000000       0xe0 Drivers\STM32F4xx_HAL_Driver\stm32f4xx_hal.o
 .debug_ranges  0x000000e0      0x108 Drivers\STM32F4xx_HAL_Driver\stm32f4xx_hal_cortex.o
 .debug_ranges  0x000001e8       0x48 Drivers\STM32F4xx_HAL_Driver\stm32f4xx_hal_gpio.o
 .debug_ranges  0x00000230      0x128 Drivers\STM32F4xx_HAL_Driver\stm32f4xx_hal_pcd.o
 .debug_ranges  0x00000358       0x28 Drivers\STM32F4xx_HAL_Driver\stm32f4xx_hal_pcd_ex.o
 .debug_ranges  0x00000380       0x78 Drivers\STM32F4xx_HAL_Driver\stm32f4xx_hal_rcc.o
 .debug_ranges  0x000003f8      0x398 Drivers\STM32F4xx_HAL_Driver\stm32f4xx_hal_tim.o
 .debug_ranges  0x00000790      0x140 Drivers\STM32F4xx_HAL_Driver\stm32f4xx_hal_tim_ex.o
 .debug_ranges  0x000008d0      0x188 Drivers\STM32F4xx_HAL_Driver\stm32f4xx_ll_usb.o
 .debug_ranges  0x00000a58       0x80 Middlewares\USB_Device_Library\usbd_cdc.o
 .debug_ranges  0x00000ad8       0xa8 Middlewares\USB_Device_Library\usbd_core.o
 .debug_ranges  0x00000b80       0x80 Middlewares\USB_Device_Library\usbd_ctlreq.o
 .debug_ranges  0x00000c00       0x40 Middlewares\USB_Device_Library\usbd_ioreq.o
 .debug_ranges  0x00000c40       0x18 Src\HAL_STM32_CONTROL.o
 .debug_ranges  0x00000c58       0x20 Src\HAL_STM32_PWM.o
 .debug_ranges  0x00000c78       0x20 Src\HAL_STM32_USB.o
 .debug_ranges  0x00000c98       0x10 Src\gpio.o
 .debug_ranges  0x00000ca8       0x20 Src\main.o
 .debug_ranges  0x00000cc8       0x10 Src\stm32f4xx_hal_msp.o
 .debug_ranges  0x00000cd8       0x58 Src\stm32f4xx_it.o
 .debug_ranges  0x00000d30       0xa0 Src\syscalls.o
 .debug_ranges  0x00000dd0       0x18 Src\system_stm32f4xx.o
 .debug_ranges  0x00000de8       0x28 Src\tim.o
 .debug_ranges  0x00000e10       0x10 Src\usb_device.o
 .debug_ranges  0x00000e20       0x40 Src\usbd_cdc_if.o
 .debug_ranges  0x00000e60       0xf0 Src\usbd_conf.o
 .debug_ranges  0x00000f50       0x50 Src\usbd_desc.o
 .debug_ranges  0x00000fa0       0x20 startup\startup_stm32f411xe.o

.debug_line     0x00000000     0x9f7c
 .debug_line    0x00000000      0x512 Drivers\STM32F4xx_HAL_Driver\stm32f4xx_hal.o
 .debug_line    0x00000512      0x646 Drivers\STM32F4xx_HAL_Driver\stm32f4xx_hal_cortex.o
 .debug_line    0x00000b58      0x4cd Drivers\STM32F4xx_HAL_Driver\stm32f4xx_hal_gpio.o
 .debug_line    0x00001025      0x8de Drivers\STM32F4xx_HAL_Driver\stm32f4xx_hal_pcd.o
 .debug_line    0x00001903      0x389 Drivers\STM32F4xx_HAL_Driver\stm32f4xx_hal_pcd_ex.o
 .debug_line    0x00001c8c      0x5b3 Drivers\STM32F4xx_HAL_Driver\stm32f4xx_hal_rcc.o
 .debug_line    0x0000223f     0x13fd Drivers\STM32F4xx_HAL_Driver\stm32f4xx_hal_tim.o
 .debug_line    0x0000363c      0x965 Drivers\STM32F4xx_HAL_Driver\stm32f4xx_hal_tim_ex.o
 .debug_line    0x00003fa1      0xa85 Drivers\STM32F4xx_HAL_Driver\stm32f4xx_ll_usb.o
 .debug_line    0x00004a26      0x6db Middlewares\USB_Device_Library\usbd_cdc.o
 .debug_line    0x00005101      0x664 Middlewares\USB_Device_Library\usbd_core.o
 .debug_line    0x00005765      0x76f Middlewares\USB_Device_Library\usbd_ctlreq.o
 .debug_line    0x00005ed4      0x4e2 Middlewares\USB_Device_Library\usbd_ioreq.o
 .debug_line    0x000063b6      0x52a Src\HAL_STM32_CONTROL.o
 .debug_line    0x000068e0      0x30b Src\HAL_STM32_PWM.o
 .debug_line    0x00006beb      0x4b7 Src\HAL_STM32_USB.o
 .debug_line    0x000070a2      0x2af Src\gpio.o
 .debug_line    0x00007351      0x643 Src\main.o
 .debug_line    0x00007994      0x296 Src\stm32f4xx_hal_msp.o
 .debug_line    0x00007c2a      0x37e Src\stm32f4xx_it.o
 .debug_line    0x00007fa8      0x3d8 Src\syscalls.o
 .debug_line    0x00008380      0x2bb Src\system_stm32f4xx.o
 .debug_line    0x0000863b      0x34f Src\tim.o
 .debug_line    0x0000898a      0x4a9 Src\usb_device.o
 .debug_line    0x00008e33      0x529 Src\usbd_cdc_if.o
 .debug_line    0x0000935c      0x6d2 Src\usbd_conf.o
 .debug_line    0x00009a2e      0x4d0 Src\usbd_desc.o
 .debug_line    0x00009efe       0x7e startup\startup_stm32f411xe.o

.debug_str      0x00000000     0x5555
 .debug_str     0x00000000      0xa53 Drivers\STM32F4xx_HAL_Driver\stm32f4xx_hal.o
                                0xac1 (size before relaxing)
 .debug_str     0x00000a53      0x52f Drivers\STM32F4xx_HAL_Driver\stm32f4xx_hal_cortex.o
                                0xc33 (size before relaxing)
 .debug_str     0x00000f82      0x21a Drivers\STM32F4xx_HAL_Driver\stm32f4xx_hal_gpio.o
                                0x663 (size before relaxing)
 .debug_str     0x0000119c      0x8f1 Drivers\STM32F4xx_HAL_Driver\stm32f4xx_hal_pcd.o
                                0xc56 (size before relaxing)
 .debug_str     0x00001a8d      0x1a9 Drivers\STM32F4xx_HAL_Driver\stm32f4xx_hal_pcd_ex.o
                                0x86f (size before relaxing)
 .debug_str     0x00001c36      0x336 Drivers\STM32F4xx_HAL_Driver\stm32f4xx_hal_rcc.o
                                0x81a (size before relaxing)
 .debug_str     0x00001f6c     0x11d7 Drivers\STM32F4xx_HAL_Driver\stm32f4xx_hal_tim.o
                               0x15db (size before relaxing)
 .debug_str     0x00003143      0x5bb Drivers\STM32F4xx_HAL_Driver\stm32f4xx_hal_tim_ex.o
                                0xddb (size before relaxing)
 .debug_str     0x000036fe      0x6bc Drivers\STM32F4xx_HAL_Driver\stm32f4xx_ll_usb.o
                                0xda3 (size before relaxing)
 .debug_str     0x00003dba      0x9fc Middlewares\USB_Device_Library\usbd_cdc.o
                               0x117b (size before relaxing)
 .debug_str     0x000047b6      0x1f0 Middlewares\USB_Device_Library\usbd_core.o
                                0xcff (size before relaxing)
 .debug_str     0x000049a6      0x194 Middlewares\USB_Device_Library\usbd_ctlreq.o
                                0xcbd (size before relaxing)
 .debug_str     0x00004b3a      0x10b Middlewares\USB_Device_Library\usbd_ioreq.o
                                0xc0d (size before relaxing)
 .debug_str     0x00004c45       0x54 Src\HAL_STM32_CONTROL.o
                                0xfa2 (size before relaxing)
 .debug_str     0x00004c99       0x5a Src\HAL_STM32_PWM.o
                                0x74c (size before relaxing)
 .debug_str     0x00004cf3       0x6b Src\HAL_STM32_USB.o
                                0xb7e (size before relaxing)
 .debug_str     0x00004d5e       0x1b Src\gpio.o
                                0x49a (size before relaxing)
 .debug_str     0x00004d79       0x8e Src\main.o
                               0x1255 (size before relaxing)
 .debug_str     0x00004e07       0x1b Src\stm32f4xx_hal_msp.o
                                0x409 (size before relaxing)
 .debug_str     0x00004e22       0xc8 Src\stm32f4xx_it.o
                                0x728 (size before relaxing)
 .debug_str     0x00004eea      0x222 Src\syscalls.o
                                0x8a0 (size before relaxing)
 .debug_str     0x0000510c       0x45 Src\system_stm32f4xx.o
                                0x485 (size before relaxing)
 .debug_str     0x00005151       0x51 Src\tim.o
                                0xa2a (size before relaxing)
 .debug_str     0x000051a2       0x3c Src\usb_device.o
                                0xb88 (size before relaxing)
 .debug_str     0x000051de       0xcc Src\usbd_cdc_if.o
                                0xccd (size before relaxing)
 .debug_str     0x000052aa      0x146 Src\usbd_conf.o
                               0x16e0 (size before relaxing)
 .debug_str     0x000053f0      0x165 Src\usbd_desc.o
                                0x999 (size before relaxing)

.comment        0x00000000       0x7c
 .comment       0x00000000       0x7c Drivers\STM32F4xx_HAL_Driver\stm32f4xx_hal.o
                                 0x7d (size before relaxing)
 .comment       0x0000007c       0x7d Drivers\STM32F4xx_HAL_Driver\stm32f4xx_hal_cortex.o
 .comment       0x0000007c       0x7d Drivers\STM32F4xx_HAL_Driver\stm32f4xx_hal_gpio.o
 .comment       0x0000007c       0x7d Drivers\STM32F4xx_HAL_Driver\stm32f4xx_hal_pcd.o
 .comment       0x0000007c       0x7d Drivers\STM32F4xx_HAL_Driver\stm32f4xx_hal_pcd_ex.o
 .comment       0x0000007c       0x7d Drivers\STM32F4xx_HAL_Driver\stm32f4xx_hal_rcc.o
 .comment       0x0000007c       0x7d Drivers\STM32F4xx_HAL_Driver\stm32f4xx_hal_tim.o
 .comment       0x0000007c       0x7d Drivers\STM32F4xx_HAL_Driver\stm32f4xx_hal_tim_ex.o
 .comment       0x0000007c       0x7d Drivers\STM32F4xx_HAL_Driver\stm32f4xx_ll_usb.o
 .comment       0x0000007c       0x7d Middlewares\USB_Device_Library\usbd_cdc.o
 .comment       0x0000007c       0x7d Middlewares\USB_Device_Library\usbd_core.o
 .comment       0x0000007c       0x7d Middlewares\USB_Device_Library\usbd_ctlreq.o
 .comment       0x0000007c       0x7d Middlewares\USB_Device_Library\usbd_ioreq.o
 .comment       0x0000007c       0x7d Src\HAL_STM32_CONTROL.o
 .comment       0x0000007c       0x7d Src\HAL_STM32_PWM.o
 .comment       0x0000007c       0x7d Src\HAL_STM32_USB.o
 .comment       0x0000007c       0x7d Src\gpio.o
 .comment       0x0000007c       0x7d Src\main.o
 .comment       0x0000007c       0x7d Src\stm32f4xx_hal_msp.o
 .comment       0x0000007c       0x7d Src\stm32f4xx_it.o
 .comment       0x0000007c       0x7d Src\syscalls.o
 .comment       0x0000007c       0x7d Src\system_stm32f4xx.o
 .comment       0x0000007c       0x7d Src\tim.o
 .comment       0x0000007c       0x7d Src\usb_device.o
 .comment       0x0000007c       0x7d Src\usbd_cdc_if.o
 .comment       0x0000007c       0x7d Src\usbd_conf.o
 .comment       0x0000007c       0x7d Src\usbd_desc.o

.debug_frame    0x00000000     0x49d8
 .debug_frame   0x00000000      0x374 Drivers\STM32F4xx_HAL_Driver\stm32f4xx_hal.o
 .debug_frame   0x00000374      0x498 Drivers\STM32F4xx_HAL_Driver\stm32f4xx_hal_cortex.o
 .debug_frame   0x0000080c      0x14c Drivers\STM32F4xx_HAL_Driver\stm32f4xx_hal_gpio.o
 .debug_frame   0x00000958      0x574 Drivers\STM32F4xx_HAL_Driver\stm32f4xx_hal_pcd.o
 .debug_frame   0x00000ecc       0xb0 Drivers\STM32F4xx_HAL_Driver\stm32f4xx_hal_pcd_ex.o
 .debug_frame   0x00000f7c      0x1f8 Drivers\STM32F4xx_HAL_Driver\stm32f4xx_hal_rcc.o
 .debug_frame   0x00001174     0x10e8 Drivers\STM32F4xx_HAL_Driver\stm32f4xx_hal_tim.o
 .debug_frame   0x0000225c      0x5c0 Drivers\STM32F4xx_HAL_Driver\stm32f4xx_hal_tim_ex.o
 .debug_frame   0x0000281c      0x798 Drivers\STM32F4xx_HAL_Driver\stm32f4xx_ll_usb.o
 .debug_frame   0x00002fb4      0x248 Middlewares\USB_Device_Library\usbd_cdc.o
 .debug_frame   0x000031fc      0x2fc Middlewares\USB_Device_Library\usbd_core.o
 .debug_frame   0x000034f8      0x23c Middlewares\USB_Device_Library\usbd_ctlreq.o
 .debug_frame   0x00003734      0x10c Middlewares\USB_Device_Library\usbd_ioreq.o
 .debug_frame   0x00003840       0x58 Src\HAL_STM32_CONTROL.o
 .debug_frame   0x00003898       0x7c Src\HAL_STM32_PWM.o
 .debug_frame   0x00003914       0x74 Src\HAL_STM32_USB.o
 .debug_frame   0x00003988       0x34 Src\gpio.o
 .debug_frame   0x000039bc       0x74 Src\main.o
 .debug_frame   0x00003a30       0x38 Src\stm32f4xx_hal_msp.o
 .debug_frame   0x00003a68      0x128 Src\stm32f4xx_it.o
 .debug_frame   0x00003b90      0x2d4 Src\syscalls.o
 .debug_frame   0x00003e64       0x58 Src\system_stm32f4xx.o
 .debug_frame   0x00003ebc       0xa8 Src\tim.o
 .debug_frame   0x00003f64       0x2c Src\usb_device.o
 .debug_frame   0x00003f90      0x108 Src\usbd_cdc_if.o
 .debug_frame   0x00004098      0x42c Src\usbd_conf.o
 .debug_frame   0x000044c4      0x160 Src\usbd_desc.o
 .debug_frame   0x00004624       0x20 c:/program files (x86)/atollic/truestudio for stm32 9.2.0/armtools/bin/../lib/gcc/arm-atollic-eabi/6.3.1/../../../../arm-atollic-eabi/lib/armv7e-m/fpu\libc_nano.a(lib_a-errno.o)
 .debug_frame   0x00004644       0x2c c:/program files (x86)/atollic/truestudio for stm32 9.2.0/armtools/bin/../lib/gcc/arm-atollic-eabi/6.3.1/../../../../arm-atollic-eabi/lib/armv7e-m/fpu\libc_nano.a(lib_a-init.o)
 .debug_frame   0x00004670       0x30 c:/program files (x86)/atollic/truestudio for stm32 9.2.0/armtools/bin/../lib/gcc/arm-atollic-eabi/6.3.1/../../../../arm-atollic-eabi/lib/armv7e-m/fpu\libc_nano.a(lib_a-malloc.o)
 .debug_frame   0x000046a0       0x28 c:/program files (x86)/atollic/truestudio for stm32 9.2.0/armtools/bin/../lib/gcc/arm-atollic-eabi/6.3.1/../../../../arm-atollic-eabi/lib/armv7e-m/fpu\libc_nano.a(lib_a-memcpy-stub.o)
 .debug_frame   0x000046c8       0x20 c:/program files (x86)/atollic/truestudio for stm32 9.2.0/armtools/bin/../lib/gcc/arm-atollic-eabi/6.3.1/../../../../arm-atollic-eabi/lib/armv7e-m/fpu\libc_nano.a(lib_a-memset.o)
 .debug_frame   0x000046e8       0x38 c:/program files (x86)/atollic/truestudio for stm32 9.2.0/armtools/bin/../lib/gcc/arm-atollic-eabi/6.3.1/../../../../arm-atollic-eabi/lib/armv7e-m/fpu\libc_nano.a(lib_a-nano-freer.o)
 .debug_frame   0x00004720       0x2c c:/program files (x86)/atollic/truestudio for stm32 9.2.0/armtools/bin/../lib/gcc/arm-atollic-eabi/6.3.1/../../../../arm-atollic-eabi/lib/armv7e-m/fpu\libc_nano.a(lib_a-nano-mallocr.o)
 .debug_frame   0x0000474c       0x2c c:/program files (x86)/atollic/truestudio for stm32 9.2.0/armtools/bin/../lib/gcc/arm-atollic-eabi/6.3.1/../../../../arm-atollic-eabi/lib/armv7e-m/fpu\libc_nano.a(lib_a-sbrkr.o)
 .debug_frame   0x00004778       0x88 c:/program files (x86)/atollic/truestudio for stm32 9.2.0/armtools/bin/../lib/gcc/arm-atollic-eabi/6.3.1/../../../../arm-atollic-eabi/lib/armv7e-m/fpu\libc_nano.a(lib_a-strtol.o)
 .debug_frame   0x00004800       0x68 c:/program files (x86)/atollic/truestudio for stm32 9.2.0/armtools/bin/../lib/gcc/arm-atollic-eabi/6.3.1/../../../../arm-atollic-eabi/lib/armv7e-m/fpu\libc_nano.a(lib_a-locale.o)
 .debug_frame   0x00004868       0x48 c:/program files (x86)/atollic/truestudio for stm32 9.2.0/armtools/bin/../lib/gcc/arm-atollic-eabi/6.3.1/../../../../arm-atollic-eabi/lib/armv7e-m/fpu\libc_nano.a(lib_a-mbtowc_r.o)
 .debug_frame   0x000048b0       0x30 c:/program files (x86)/atollic/truestudio for stm32 9.2.0/armtools/bin/../lib/gcc/arm-atollic-eabi/6.3.1/../../../../arm-atollic-eabi/lib/armv7e-m/fpu\libc_nano.a(lib_a-mlock.o)
 .debug_frame   0x000048e0       0x5c c:/program files (x86)/atollic/truestudio for stm32 9.2.0/armtools/bin/../lib/gcc/arm-atollic-eabi/6.3.1/../../../../arm-atollic-eabi/lib/armv7e-m/fpu\libc_nano.a(lib_a-reent.o)
 .debug_frame   0x0000493c       0x3c c:/program files (x86)/atollic/truestudio for stm32 9.2.0/armtools/bin/../lib/gcc/arm-atollic-eabi/6.3.1/../../../../arm-atollic-eabi/lib/armv7e-m/fpu\libc_nano.a(lib_a-wctomb_r.o)
 .debug_frame   0x00004978       0x2c c:/program files (x86)/atollic/truestudio for stm32 9.2.0/armtools/bin/../lib/gcc/arm-atollic-eabi/6.3.1/armv7e-m/fpu\libgcc.a(_aeabi_uldivmod.o)
 .debug_frame   0x000049a4       0x34 c:/program files (x86)/atollic/truestudio for stm32 9.2.0/armtools/bin/../lib/gcc/arm-atollic-eabi/6.3.1/armv7e-m/fpu\libgcc.a(_udivmoddi4.o)
